// Jest Snapshot v1, https://goo.gl/fbAQLP

exports[`AccentBlock behaviour Snapshot component 1`] = `"<div class=\\"css-1oingry\\"><div class=\\"css-gudk1o\\">snapshot</div></div>"`;
