// Jest Snapshot v1, https://goo.gl/fbAQLP

exports[`Style snapshots H2 1`] = `[Function]`;

exports[`Style snapshots MainSectionWrap 1`] = `[Function]`;

exports[`Style snapshots StatusIconColors 1`] = `
Array [
  "transparent",
  "#FFE712",
  "#ff9800",
  "#8FBE00",
  "#FC0000",
]
`;

exports[`Style snapshots StatusTitles 1`] = `
Array [
  "Не создан",
  "Ожидает перевода",
  "Ожидает подтверждения",
  "Переведено",
  "Отменено",
]
`;

exports[`Style snapshots SvgCurrency 1`] = `
Object {
  "height": "32px",
  "width": "32px",
}
`;

exports[`Style snapshots coinColors 1`] = `
Object {
  "body": Object {
    "fill": "#e2b255",
  },
  "label": Object {
    "fill": "#edda48",
  },
}
`;

exports[`Style snapshots container 1`] = `
"
  max-width: 1180px;
  width: 100%;
  margin: 0 auto;
  @media (max-width: 768px) {
    max-width: 360px;
  } 
  @media (max-width: 1024px) {
    max-width: 768px;
  } 
"
`;

exports[`Style snapshots robotoSlab 1`] = `
"'Roboto Slab', 'PT Serif', 'Monospaced Number', 'Chinese Quote', -apple-system,
BlinkMacSystemFont, 'Segoe UI', Roboto, 'PingFang SC', 'Hiragino Sans GB',
'Microsoft YaHei', 'Helvetica Neue', Helvetica, Arial, sans-serif"
`;
