// Jest Snapshot v1, https://goo.gl/fbAQLP

exports[`Virtualized tests Base markup 1`] = `"<div class=\\"css-10q1pfo\\"><div style=\\"overflow: visible; width: 0px;\\"><div aria-colcount=\\"6\\" aria-rowcount=\\"0\\" class=\\"ReactVirtualized__Table\\" role=\\"grid\\"><div class=\\"ReactVirtualized__Table__headerRow\\" role=\\"row\\" style=\\"height: 20px; overflow: hidden; padding-right: 0px; width: 0px;\\"><div class=\\"ReactVirtualized__Table__headerColumn\\" role=\\"columnheader\\"><span class=\\"ReactVirtualized__Table__headerTruncatedText\\" title=\\"№\\">№</span></div><div class=\\"ReactVirtualized__Table__headerColumn\\" role=\\"columnheader\\"><span class=\\"ReactVirtualized__Table__headerTruncatedText\\" title=\\"Date\\">Date</span></div><div class=\\"ReactVirtualized__Table__headerColumn\\" role=\\"columnheader\\"><span class=\\"ReactVirtualized__Table__headerTruncatedText\\" title=\\"Transfer amount\\">Transfer amount</span></div><div class=\\"ReactVirtualized__Table__headerColumn\\" role=\\"columnheader\\"><span class=\\"ReactVirtualized__Table__headerTruncatedText\\" title=\\"Recieve amount\\">Recieve amount</span></div><div class=\\"ReactVirtualized__Table__headerColumn\\" role=\\"columnheader\\"><span class=\\"ReactVirtualized__Table__headerTruncatedText\\" title=\\"To wallet\\">To wallet</span></div><div class=\\"ReactVirtualized__Table__headerColumn\\" role=\\"columnheader\\"><span class=\\"ReactVirtualized__Table__headerTruncatedText\\" title=\\"Status:\\">Status:</span></div></div><div aria-label=\\"grid\\" aria-readonly=\\"true\\" class=\\"ReactVirtualized__Grid ReactVirtualized__Table__Grid\\" role=\\"rowgroup\\" style=\\"box-sizing: border-box; direction: ltr; height: 310px; position: relative; width: 0px; overflow-x: hidden; overflow-y: hidden;\\" tabindex=\\"0\\"></div></div></div><div class=\\"resize-triggers\\"><div class=\\"expand-trigger\\"><div style=\\"width: 1px; height: 1px;\\"></div></div><div class=\\"contract-trigger\\"></div></div></div>"`;

exports[`Virtualized tests Orders behaviour Orderds markup 1`] = `"<div class=\\"css-10q1pfo\\"><div style=\\"overflow: visible; width: 0px;\\"><div aria-colcount=\\"6\\" aria-rowcount=\\"1\\" class=\\"ReactVirtualized__Table\\" role=\\"grid\\"><div class=\\"ReactVirtualized__Table__headerRow\\" role=\\"row\\" style=\\"height: 20px; overflow: hidden; padding-right: 0px; width: 0px;\\"><div class=\\"ReactVirtualized__Table__headerColumn\\" role=\\"columnheader\\"><span class=\\"ReactVirtualized__Table__headerTruncatedText\\" title=\\"№\\">№</span></div><div class=\\"ReactVirtualized__Table__headerColumn\\" role=\\"columnheader\\"><span class=\\"ReactVirtualized__Table__headerTruncatedText\\" title=\\"Date\\">Date</span></div><div class=\\"ReactVirtualized__Table__headerColumn\\" role=\\"columnheader\\"><span class=\\"ReactVirtualized__Table__headerTruncatedText\\" title=\\"Transfer amount\\">Transfer amount</span></div><div class=\\"ReactVirtualized__Table__headerColumn\\" role=\\"columnheader\\"><span class=\\"ReactVirtualized__Table__headerTruncatedText\\" title=\\"Recieve amount\\">Recieve amount</span></div><div class=\\"ReactVirtualized__Table__headerColumn\\" role=\\"columnheader\\"><span class=\\"ReactVirtualized__Table__headerTruncatedText\\" title=\\"To wallet\\">To wallet</span></div><div class=\\"ReactVirtualized__Table__headerColumn\\" role=\\"columnheader\\"><span class=\\"ReactVirtualized__Table__headerTruncatedText\\" title=\\"Status:\\">Status:</span></div></div><div aria-label=\\"grid\\" aria-readonly=\\"true\\" class=\\"ReactVirtualized__Grid ReactVirtualized__Table__Grid\\" role=\\"rowgroup\\" style=\\"box-sizing: border-box; direction: ltr; height: 310px; position: relative; width: 0px; overflow-x: hidden; overflow-y: hidden;\\" tabindex=\\"0\\"></div></div></div><div class=\\"resize-triggers\\"><div class=\\"expand-trigger\\"><div style=\\"width: 1px; height: 1px;\\"></div></div><div class=\\"contract-trigger\\"></div></div></div>"`;

exports[`Virtualized tests Orders behaviour Orderds markup 2`] = `"<div class=\\"css-10q1pfo\\"><div style=\\"overflow: visible; width: 0px;\\"><div aria-colcount=\\"6\\" aria-rowcount=\\"3\\" class=\\"ReactVirtualized__Table\\" role=\\"grid\\"><div class=\\"ReactVirtualized__Table__headerRow\\" role=\\"row\\" style=\\"height: 20px; overflow: hidden; padding-right: 0px; width: 0px;\\"><div class=\\"ReactVirtualized__Table__headerColumn\\" role=\\"columnheader\\"><span class=\\"ReactVirtualized__Table__headerTruncatedText\\" title=\\"№\\">№</span></div><div class=\\"ReactVirtualized__Table__headerColumn\\" role=\\"columnheader\\"><span class=\\"ReactVirtualized__Table__headerTruncatedText\\" title=\\"Date\\">Date</span></div><div class=\\"ReactVirtualized__Table__headerColumn\\" role=\\"columnheader\\"><span class=\\"ReactVirtualized__Table__headerTruncatedText\\" title=\\"Transfer amount\\">Transfer amount</span></div><div class=\\"ReactVirtualized__Table__headerColumn\\" role=\\"columnheader\\"><span class=\\"ReactVirtualized__Table__headerTruncatedText\\" title=\\"Recieve amount\\">Recieve amount</span></div><div class=\\"ReactVirtualized__Table__headerColumn\\" role=\\"columnheader\\"><span class=\\"ReactVirtualized__Table__headerTruncatedText\\" title=\\"To wallet\\">To wallet</span></div><div class=\\"ReactVirtualized__Table__headerColumn\\" role=\\"columnheader\\"><span class=\\"ReactVirtualized__Table__headerTruncatedText\\" title=\\"Status:\\">Status:</span></div></div><div aria-label=\\"grid\\" aria-readonly=\\"true\\" class=\\"ReactVirtualized__Grid ReactVirtualized__Table__Grid\\" role=\\"rowgroup\\" style=\\"box-sizing: border-box; direction: ltr; height: 310px; position: relative; width: 0px; overflow-x: hidden; overflow-y: hidden;\\" tabindex=\\"0\\"></div></div></div><div class=\\"resize-triggers\\"><div class=\\"expand-trigger\\"><div style=\\"width: 1px; height: 1px;\\"></div></div><div class=\\"contract-trigger\\"></div></div></div>"`;
