// Jest Snapshot v1, https://goo.gl/fbAQLP

exports[`Utils test Get token 1`] = `"fakeToken"`;
