// Jest Snapshot v1, https://goo.gl/fbAQLP

exports[`Coverter: Currency badge tests Markup Basic markup 1`] = `
"<div><div style=\\"background-color: rgb(174, 226, 57);\\" class=\\"css-26z1jj\\"><span class=\\"css-o79fz0\\"></span><label class=\\"css-gudk1o\\"><input style=\\"padding: 10px 34px; text-align: center; width: 100%;\\" placeholder=\\"value\\" type=\\"text\\" mask=\\"\\" class=\\"css-18b8ap6\\" value=\\"10\\"></label><div class=\\"dropdown css-1ft27gx\\"><svg style=\\"width: 32px; height: 32px;\\" class=\\"\\" x=\\"0px\\" y=\\"0px\\" viewBox=\\"0 0 400 400\\"><path style=\\"fill: #aee239;\\" d=\\"M184.9,344.1L8.2,167.4c-8.5-8.5-8.5-22.3,0-30.9l20.6-20.6c8.5-8.5,22.3-8.5,30.8,0l140.7,140.1l140.7-140.1
 c8.5-8.5,22.3-8.5,30.8,0l20.6,20.6c8.5,8.5,8.5,22.3,0,30.9L215.8,344.1C207.3,352.6,193.5,352.6,184.9,344.1L184.9,344.1z\\"></path></svg></div><span class=\\"css-1sr8xmg\\">0</span></div></div>"
`;

exports[`Coverter: Currency badge tests Markup Currency icon should be 1`] = `
"<div><div style=\\"background-color: rgb(174, 226, 57);\\" class=\\"css-26z1jj\\"><span class=\\"css-o79fz0\\"><svg class=\\"\\" style=\\"width: 32px; height: 32px;\\" version=\\"1.1\\" x=\\"0px\\" y=\\"0px\\" viewBox=\\"0 0 400 400\\"><title>bitcoin</title><circle style=\\"fill: #edda48;\\" cx=\\"199.5\\" cy=\\"200.5\\" r=\\"199.5\\"></circle><circle style=\\"fill: #e2b255;\\" cx=\\"199.5\\" cy=\\"200.5\\" r=\\"168.3\\"></circle><text>bitcoin</text></svg></span><label class=\\"css-gudk1o\\"><input style=\\"padding: 10px 34px; text-align: center; width: 100%;\\" placeholder=\\"value\\" type=\\"text\\" mask=\\"\\" class=\\"css-18b8ap6\\" value=\\"10\\"></label><div class=\\"dropdown css-1ft27gx\\"><svg style=\\"width: 32px; height: 32px;\\" class=\\"\\" x=\\"0px\\" y=\\"0px\\" viewBox=\\"0 0 400 400\\"><path style=\\"fill: #aee239;\\" d=\\"M184.9,344.1L8.2,167.4c-8.5-8.5-8.5-22.3,0-30.9l20.6-20.6c8.5-8.5,22.3-8.5,30.8,0l140.7,140.1l140.7-140.1
 c8.5-8.5,22.3-8.5,30.8,0l20.6,20.6c8.5,8.5,8.5,22.3,0,30.9L215.8,344.1C207.3,352.6,193.5,352.6,184.9,344.1L184.9,344.1z\\"></path></svg></div><span class=\\"css-1sr8xmg\\"></span></div></div>"
`;

exports[`Coverter: Currency badge tests Markup Dropdown behaviour Dropdown should close 1`] = `
"<div><div style=\\"background-color: rgb(174, 226, 57);\\" class=\\"css-26z1jj\\"><span class=\\"css-o79fz0\\"><svg class=\\"\\" style=\\"width: 32px; height: 32px;\\" version=\\"1.1\\" x=\\"0px\\" y=\\"0px\\" viewBox=\\"0 0 400 400\\"><title>bitcoin</title><circle style=\\"fill: #edda48;\\" cx=\\"199.5\\" cy=\\"200.5\\" r=\\"199.5\\"></circle><circle style=\\"fill: #e2b255;\\" cx=\\"199.5\\" cy=\\"200.5\\" r=\\"168.3\\"></circle><text>bitcoin</text></svg></span><label class=\\"css-gudk1o\\"><input style=\\"padding: 10px 34px; text-align: center; width: 100%;\\" placeholder=\\"value\\" type=\\"text\\" mask=\\"\\" class=\\"css-18b8ap6\\" value=\\"10\\"></label><div class=\\"dropdown css-1ft27gx\\"><svg style=\\"width: 32px; height: 32px;\\" class=\\"\\" x=\\"0px\\" y=\\"0px\\" viewBox=\\"0 0 400 400\\"><path style=\\"fill: #aee239;\\" d=\\"M184.9,344.1L8.2,167.4c-8.5-8.5-8.5-22.3,0-30.9l20.6-20.6c8.5-8.5,22.3-8.5,30.8,0l140.7,140.1l140.7-140.1
 c8.5-8.5,22.3-8.5,30.8,0l20.6,20.6c8.5,8.5,8.5,22.3,0,30.9L215.8,344.1C207.3,352.6,193.5,352.6,184.9,344.1L184.9,344.1z\\"></path></svg><div class=\\"css-tmmt7l content--exit content--exit-active\\"><span style=\\"color: rgb(25, 23, 22); background: transparent;\\" class=\\"css-t2xfrr\\"><svg class=\\"currency_coin\\" style=\\"width: 32px; height: 32px; z-index: 1; opacity: 1;\\" version=\\"1.1\\" x=\\"0px\\" y=\\"0px\\" viewBox=\\"0 0 400 400\\"><title>bitcoin</title><circle style=\\"fill: #edda48;\\" cx=\\"199.5\\" cy=\\"200.5\\" r=\\"199.5\\"></circle><circle style=\\"fill: #e2b255;\\" cx=\\"199.5\\" cy=\\"200.5\\" r=\\"168.3\\"></circle><text>bitcoin</text></svg><span style=\\"padding-left: 45px;\\">lisk</span></span><span style=\\"color: rgb(25, 23, 22); background: transparent;\\" class=\\"css-t2xfrr\\"><svg class=\\"currency_coin\\" style=\\"width: 32px; height: 32px; z-index: 1; opacity: 1;\\" version=\\"1.1\\" x=\\"0px\\" y=\\"0px\\" viewBox=\\"0 0 400 400\\"><title>eth</title><circle style=\\"fill: #edda48;\\" cx=\\"199.5\\" cy=\\"200.5\\" r=\\"199.5\\"></circle><circle style=\\"fill: #e2b255;\\" cx=\\"199.5\\" cy=\\"200.5\\" r=\\"168.3\\"></circle><text>eth</text></svg><span style=\\"padding-left: 45px;\\">tether</span></span><span style=\\"color: rgb(25, 23, 22); background: transparent;\\" class=\\"css-t2xfrr\\"><svg class=\\"currency_coin\\" style=\\"width: 32px; height: 32px; z-index: 1; opacity: 1;\\" version=\\"1.1\\" x=\\"0px\\" y=\\"0px\\" viewBox=\\"0 0 400 400\\"><title>rur</title><circle style=\\"fill: #edda48;\\" cx=\\"199.5\\" cy=\\"200.5\\" r=\\"199.5\\"></circle><circle style=\\"fill: #e2b255;\\" cx=\\"199.5\\" cy=\\"200.5\\" r=\\"168.3\\"></circle><text>rur</text></svg><span style=\\"padding-left: 45px;\\">litecoin</span></span></div></div><span class=\\"css-1sr8xmg\\"></span></div></div>"
`;

exports[`Coverter: Currency badge tests Markup Dropdown behaviour Dropdown should open 1`] = `
"<div><div style=\\"background-color: rgb(174, 226, 57);\\" class=\\"css-26z1jj\\"><span class=\\"css-o79fz0\\"><svg class=\\"\\" style=\\"width: 32px; height: 32px;\\" version=\\"1.1\\" x=\\"0px\\" y=\\"0px\\" viewBox=\\"0 0 400 400\\"><title>bitcoin</title><circle style=\\"fill: #edda48;\\" cx=\\"199.5\\" cy=\\"200.5\\" r=\\"199.5\\"></circle><circle style=\\"fill: #e2b255;\\" cx=\\"199.5\\" cy=\\"200.5\\" r=\\"168.3\\"></circle><text>bitcoin</text></svg></span><label class=\\"css-gudk1o\\"><input style=\\"padding: 10px 34px; text-align: center; width: 100%;\\" placeholder=\\"value\\" type=\\"text\\" mask=\\"\\" class=\\"css-18b8ap6\\" value=\\"10\\"></label><div class=\\"dropdown css-1ft27gx\\"><svg style=\\"width: 32px; height: 32px;\\" class=\\"\\" x=\\"0px\\" y=\\"0px\\" viewBox=\\"0 0 400 400\\"><path style=\\"fill: #aee239;\\" d=\\"M184.9,344.1L8.2,167.4c-8.5-8.5-8.5-22.3,0-30.9l20.6-20.6c8.5-8.5,22.3-8.5,30.8,0l140.7,140.1l140.7-140.1
 c8.5-8.5,22.3-8.5,30.8,0l20.6,20.6c8.5,8.5,8.5,22.3,0,30.9L215.8,344.1C207.3,352.6,193.5,352.6,184.9,344.1L184.9,344.1z\\"></path></svg><div class=\\"dropdown__content css-tmmt7l content--enter content--enter-active\\"><span style=\\"color: rgb(25, 23, 22); background: transparent;\\" class=\\"css-t2xfrr\\"><svg class=\\"currency_coin\\" style=\\"width: 32px; height: 32px; z-index: 1; opacity: 1;\\" version=\\"1.1\\" x=\\"0px\\" y=\\"0px\\" viewBox=\\"0 0 400 400\\"><title>bitcoin</title><circle style=\\"fill: #edda48;\\" cx=\\"199.5\\" cy=\\"200.5\\" r=\\"199.5\\"></circle><circle style=\\"fill: #e2b255;\\" cx=\\"199.5\\" cy=\\"200.5\\" r=\\"168.3\\"></circle><text>bitcoin</text></svg><span style=\\"padding-left: 45px;\\">lisk</span></span><span style=\\"color: rgb(25, 23, 22); background: transparent;\\" class=\\"css-t2xfrr\\"><svg class=\\"currency_coin\\" style=\\"width: 32px; height: 32px; z-index: 1; opacity: 1;\\" version=\\"1.1\\" x=\\"0px\\" y=\\"0px\\" viewBox=\\"0 0 400 400\\"><title>eth</title><circle style=\\"fill: #edda48;\\" cx=\\"199.5\\" cy=\\"200.5\\" r=\\"199.5\\"></circle><circle style=\\"fill: #e2b255;\\" cx=\\"199.5\\" cy=\\"200.5\\" r=\\"168.3\\"></circle><text>eth</text></svg><span style=\\"padding-left: 45px;\\">tether</span></span><span style=\\"color: rgb(25, 23, 22); background: transparent;\\" class=\\"css-t2xfrr\\"><svg class=\\"currency_coin\\" style=\\"width: 32px; height: 32px; z-index: 1; opacity: 1;\\" version=\\"1.1\\" x=\\"0px\\" y=\\"0px\\" viewBox=\\"0 0 400 400\\"><title>rur</title><circle style=\\"fill: #edda48;\\" cx=\\"199.5\\" cy=\\"200.5\\" r=\\"199.5\\"></circle><circle style=\\"fill: #e2b255;\\" cx=\\"199.5\\" cy=\\"200.5\\" r=\\"168.3\\"></circle><text>rur</text></svg><span style=\\"padding-left: 45px;\\">litecoin</span></span></div></div><span class=\\"css-1sr8xmg\\"></span></div></div>"
`;
