// Jest Snapshot v1, https://goo.gl/fbAQLP

exports[`Converter: user data tests Mark up Basic mark up 1`] = `"<div class=\\"css-kszx3i\\"><label class=\\"css-gudk1o\\"><input placeholder=\\"Full name\\" pattern=\\"[a-zа-яё]{2,}\\" type=\\"text\\" mask=\\"\\" class=\\"css-18b8ap6\\" value=\\"\\"></label><label class=\\"css-gudk1o\\"><input placeholder=\\"Email\\" pattern=\\"^(([^<>()\\\\[\\\\]\\\\.,;:\\\\s@&quot;]+(\\\\.[^<>()\\\\[\\\\]\\\\.,;:\\\\s@&quot;]+)*)|(&quot;.+&quot;))@((\\\\[[0-9]{1,3}\\\\.[0-9]{1,3}\\\\.[0-9]{1,3}\\\\.[0-9]{1,3}\\\\])|(([a-zA-Z\\\\-0-9]+\\\\.)+[a-zA-Z]{2,}))$\\" type=\\"text\\" mask=\\"\\" class=\\"css-18b8ap6\\" value=\\"\\"></label><label class=\\"css-gudk1o\\"><input mask=\\"0\\" placeholder=\\"Your  wallet\\" type=\\"text\\" class=\\"css-18b8ap6\\" value=\\"\\"></label><label class=\\"css-gudk1o\\"><input mask=\\"0\\" placeholder=\\"Your wallet for \\" type=\\"text\\" class=\\"css-18b8ap6\\" value=\\"\\"></label><div class=\\"css-75t9v1\\"><label class=\\"\\" for=\\"agree\\"><input id=\\"agree\\" type=\\"checkbox\\"><span>I agree to the processing of personal data</span></label></div><div class=\\"css-1xzpagd\\"><button cursor=\\"not-allowed\\" class=\\"css-zfl023\\"><div class=\\"css-1v1d0dg\\">Create</div></button></div></div>"`;

exports[`Converter: user data tests Mark up Email should change 1`] = `"<div class=\\"css-kszx3i\\"><label class=\\"css-gudk1o\\"><input placeholder=\\"Full name\\" pattern=\\"[a-zа-яё]{2,}\\" type=\\"text\\" mask=\\"\\" class=\\"css-18b8ap6\\" value=\\"\\"></label><label class=\\"css-gudk1o\\"><input placeholder=\\"Email\\" pattern=\\"^(([^<>()\\\\[\\\\]\\\\.,;:\\\\s@&quot;]+(\\\\.[^<>()\\\\[\\\\]\\\\.,;:\\\\s@&quot;]+)*)|(&quot;.+&quot;))@((\\\\[[0-9]{1,3}\\\\.[0-9]{1,3}\\\\.[0-9]{1,3}\\\\.[0-9]{1,3}\\\\])|(([a-zA-Z\\\\-0-9]+\\\\.)+[a-zA-Z]{2,}))$\\" type=\\"text\\" mask=\\"\\" class=\\"css-18b8ap6\\" value=\\"\\"></label><label class=\\"css-gudk1o\\"><input mask=\\"0\\" placeholder=\\"Your  wallet\\" type=\\"text\\" class=\\"css-18b8ap6\\" value=\\"\\"></label><label class=\\"css-gudk1o\\"><input mask=\\"0\\" placeholder=\\"Your wallet for \\" type=\\"text\\" class=\\"css-18b8ap6\\" value=\\"\\"></label><div class=\\"css-75t9v1\\"><label class=\\"\\" for=\\"agree\\"><input id=\\"agree\\" type=\\"checkbox\\"><span>I agree to the processing of personal data</span></label></div><div class=\\"css-1xzpagd\\"><button cursor=\\"not-allowed\\" class=\\"css-zfl023\\"><div class=\\"css-1v1d0dg\\">Create</div></button></div></div>"`;
