// Jest Snapshot v1, https://goo.gl/fbAQLP

exports[`HowTo markup Basic markup 1`] = `"<section class=\\"css-1gmyjnf\\"><h2 class=\\"css-x184e\\"><span>How is the exchange?</span></h2><div class=\\"css-12b9mdt\\"><div class=\\"css-1ah5yab\\"><svg style=\\"width: 121px;\\" class=\\"\\" viewBox=\\"0 0 127 125\\" fill=\\"none\\" xmlns=\\"http://www.w3.org/2000/svg\\"><path fill-rule=\\"evenodd\\" clip-rule=\\"evenodd\\" d=\\"M111.874 72.4742C113.259 67.5536 114 62.3633 114 57C114 25.5198 88.4802 0 57 0C25.5198 0 0 25.5198 0 57C0 88.4802 25.5198 114 57 114C63.0927 114 68.9622 113.044 74.4666 111.274L44 82.5L54 79.5L57 68.5L63 32L111.874 72.4742Z\\" style=\\"fill: #aee239;\\"></path><path d=\\"M54 79.5L44 82.5L74.4666 111.274C92.5572 105.457 106.704 90.8454 111.874 72.4742L63 32L57 68.5L54 79.5Z\\" style=\\"fill: #aee239;\\"></path><path d=\\"M54 79.5L44 82.5L74.4666 111.274C92.5572 105.457 106.704 90.8454 111.874 72.4742L63 32L59.0471 56.0471L57 68.5L54 79.5Z\\" style=\\"fill: #8fbe00;\\"></path><path d=\\"M63 32L44 41L59.0471 56.0471L63 32Z\\" fill=\\"#8FBE00\\"></path><path d=\\"M44.2852 76.8477L52.9336 75.793V41.1289H44.1797V35.2578L63.1641 31.8125V75.793L71.8125 76.8477V83H44.2852V76.8477Z\\" style=\\"fill: #191716;\\"></path></svg><h3 class=\\"css-1bkcn2\\"><span>Fill in the data</span></h3><p class=\\"css-16bwuks\\"><span>Choose a currency for exchange and for payment. Fill in the rest of the form with data and click “Submit”</span></p></div><svg style=\\"height: 500px;\\" class=\\"howto__step1\\" viewBox=\\"0 0 874 417\\" fill=\\"none\\" xmlns=\\"http://www.w3.org/2000/svg\\"><path d=\\"M227.833 34.2H873V8.01207C872.714 3.86207 870.426 1.57241 865.992 1H234.698C230.693 1.42931 228.119 3.43276 227.69 8.01207V34.2H227.833Z\\" fill=\\"#DFE0E0\\"></path><path d=\\"M255.293 25.7569C259.953 25.7569 263.731 21.9768 263.731 17.3138C263.731 12.6508 259.953 8.87073 255.293 8.87073C250.632 8.87073 246.854 12.6508 246.854 17.3138C246.854 21.9768 250.632 25.7569 255.293 25.7569Z\\" fill=\\"#D45055\\"></path><path d=\\"M285.184 25.7569C289.844 25.7569 293.622 21.9768 293.622 17.3138C293.622 12.6508 289.844 8.87073 285.184 8.87073C280.524 8.87073 276.746 12.6508 276.746 17.3138C276.746 21.9768 280.524 25.7569 285.184 25.7569Z\\" fill=\\"#F9D97A\\"></path><path d=\\"M314.932 25.7569C319.593 25.7569 323.371 21.9768 323.371 17.3138C323.371 12.6508 319.593 8.87073 314.932 8.87073C310.272 8.87073 306.494 12.6508 306.494 17.3138C306.494 21.9768 310.272 25.7569 314.932 25.7569Z\\" fill=\\"#A5C957\\"></path><path d=\\"M864.42 416H236.415C231.695 416 227.833 412.136 227.833 407.414V9.58621C227.833 4.86379 231.695 1 236.415 1H864.42C869.139 1 873.001 4.86379 873.001 9.58621V407.414C873.001 412.136 869.139 416 864.42 416Z\\" stroke=\\"#B8B8B9\\" stroke-miterlimit=\\"10\\"></path><path d=\\"M838.389 284.202H262.015C258.296 284.202 255.293 281.626 255.293 278.335V34.2001H845.111V278.335C845.111 281.626 842.108 284.202 838.389 284.202Z\\" fill=\\"#AEE239\\"></path><path d=\\"M514.447 102.317H292.621C288.474 102.317 285.041 98.8826 285.041 94.7326V77.2739C285.041 73.1239 288.474 69.6895 292.621 69.6895H514.447C518.594 69.6895 522.027 73.1239 522.027 77.2739V94.7326C522.027 98.8826 518.594 102.317 514.447 102.317Z\\" fill=\\"white\\"></path><path d=\\"M514.447 169.433H292.621C288.474 169.433 285.041 165.998 285.041 161.848V144.39C285.041 140.24 288.474 136.805 292.621 136.805H514.447C518.594 136.805 522.027 140.24 522.027 144.39V161.848C522.027 166.141 518.594 169.433 514.447 169.433Z\\" fill=\\"white\\"></path><path d=\\"M801.776 102.317H579.95C575.803 102.317 572.37 98.8826 572.37 94.7326V77.2739C572.37 73.1239 575.803 69.6895 579.95 69.6895H801.776C805.923 69.6895 809.356 73.1239 809.356 77.2739V94.7326C809.213 98.8826 805.923 102.317 801.776 102.317Z\\" fill=\\"white\\"></path><path d=\\"M801.776 169.433H579.95C575.803 169.433 572.37 165.998 572.37 161.848V144.39C572.37 140.24 575.803 136.805 579.95 136.805H801.776C805.923 136.805 809.356 140.24 809.356 144.39V161.848C809.213 166.141 805.923 169.433 801.776 169.433Z\\" fill=\\"white\\"></path><path d=\\"M615.848 240.984H475.688C471.54 240.984 468.108 237.55 468.108 233.4V215.941C468.108 211.791 471.54 208.357 475.688 208.357H615.848C619.996 208.357 623.428 211.791 623.428 215.941V233.4C623.285 237.55 619.996 240.984 615.848 240.984Z\\" fill=\\"white\\"></path><path d=\\"M387.015 306.955H255.293V415.857H387.015V306.955Z\\" fill=\\"#BBCADB\\"></path><path d=\\"M731.838 334.717H417.621C415.905 334.717 414.332 333.286 414.332 331.426V318.69C414.332 316.973 415.762 315.398 417.621 315.398H731.981C733.698 315.398 735.271 316.829 735.271 318.69V331.426C735.128 333.286 733.698 334.717 731.838 334.717Z\\" fill=\\"#DFE0E0\\"></path><path d=\\"M443.937 95.1622H296.626C294.91 95.1622 293.336 93.7312 293.336 91.8708V79.1346C293.336 77.4174 294.767 75.8433 296.626 75.8433H443.937C445.654 75.8433 447.227 77.2743 447.227 79.1346V91.8708C447.084 93.7312 445.654 95.1622 443.937 95.1622Z\\" fill=\\"#DFE0E0\\"></path><path d=\\"M767.737 95.1622H588.245C586.529 95.1622 584.956 93.7312 584.956 91.8708V79.1346C584.956 77.4174 586.386 75.8433 588.245 75.8433H767.737C769.453 75.8433 771.026 77.2743 771.026 79.1346V91.8708C771.026 93.7312 769.596 95.1622 767.737 95.1622Z\\" fill=\\"#DFE0E0\\"></path><path d=\\"M684.07 162.85H588.389C586.672 162.85 585.099 161.419 585.099 159.558V146.965C585.099 145.248 586.529 143.674 588.389 143.674H684.07C685.786 143.674 687.359 145.105 687.359 146.965V159.702C687.216 161.419 685.786 162.85 684.07 162.85Z\\" fill=\\"#DFE0E0\\"></path><path d=\\"M345.825 162.85H297.341C295.625 162.85 294.051 161.419 294.051 159.558V146.965C294.051 145.248 295.482 143.674 297.341 143.674H345.825C347.541 143.674 349.114 145.105 349.114 146.965V159.702C349.114 161.419 347.541 162.85 345.825 162.85Z\\" fill=\\"#DFE0E0\\"></path><path d=\\"M486.7 162.85H367.135C365.419 162.85 363.845 161.419 363.845 159.558V146.965C363.845 145.248 365.276 143.674 367.135 143.674H486.7C488.417 143.674 489.99 145.105 489.99 146.965V159.702C489.99 161.419 488.56 162.85 486.7 162.85Z\\" fill=\\"#DFE0E0\\"></path><path d=\\"M673.915 368.919H417.621C415.905 368.919 414.332 367.488 414.332 365.628V352.891C414.332 351.174 415.762 349.6 417.621 349.6H673.915C675.631 349.6 677.204 351.031 677.204 352.891V365.628C677.204 367.488 675.774 368.919 673.915 368.919Z\\" fill=\\"#DFE0E0\\"></path><path d=\\"M575.946 402.405H417.621C415.905 402.405 414.332 400.974 414.332 399.114V386.377C414.332 384.66 415.762 383.086 417.621 383.086H575.946C577.662 383.086 579.235 384.517 579.235 386.377V399.114C579.092 400.974 577.662 402.405 575.946 402.405Z\\" fill=\\"#DFE0E0\\"></path><path d=\\"M68.3642 203.634C55.7784 202.919 68.7933 209.788 48.9134 221.952C6.72222 247.71 -30.4632 334.145 37.4717 358.759C53.6331 366.916 71.6537 370.493 90.6755 370.779L107.838 378.221C119.423 372.783 132.867 369.348 149.886 369.634C165.475 371.209 178.204 366.629 189.074 357.614C211.099 357.614 230.836 348.598 249.143 334.717C239.131 321.838 223.971 312.822 202.804 308.386C185.498 314.11 167.907 308.815 149.886 293.503C143.736 280.481 126.86 270.178 105.55 260.876C88.6732 246.422 75.0862 228.534 68.3642 203.634Z\\" fill=\\"#4DB3BD\\"></path><path d=\\"M225.687 360.046L229.12 368.919C260.441 373.784 264.017 362.622 266.877 351.031C264.732 347.596 258.868 346.308 248.571 347.453C239.846 342.874 234.841 341.729 232.552 343.16C226.975 344.734 229.549 353.75 225.687 360.046Z\\" fill=\\"#B15654\\"></path><path d=\\"M214.818 337.436C211.957 318.403 206.379 303.234 197.083 293.36L118.708 312.25L90.1034 332.285C90.1034 332.285 88.6732 336.578 95.2521 338.009C101.831 339.44 154.177 335.147 154.177 335.147C166.191 343.876 179.491 350.029 194.223 354.036L195.653 360.047C201.803 356.898 208.382 356.04 215.247 356.755L216.534 356.898L223.399 342.016L214.818 337.436ZM177.918 320.55H185.641L187.93 326.56L177.918 320.55Z\\" fill=\\"#394B5F\\"></path><path d=\\"M90.1036 332.285H85.5269C77.6607 323.555 70.3667 308.672 63.2156 291.357L46.4822 293.36C45.338 280.624 48.6275 269.033 68.2213 261.735C75.0864 274.185 92.2489 277.19 89.9605 259.588C96.6825 259.874 100.83 255.581 103.118 247.997L115.99 260.447C103.977 293.36 120.281 292.072 131.151 306.383L90.1036 332.285Z\\" fill=\\"#6E8FAD\\"></path><path d=\\"M118.994 312.25L194.509 294.076C196.082 293.647 196.94 292.072 196.511 290.641L184.068 252.576C183.639 251.288 182.209 250.429 180.779 250.716L128.004 263.595C126.574 264.024 125.716 265.455 126.002 266.886L135.012 302.519C135.298 303.95 134.583 305.381 133.153 305.81L120.996 309.674C119.852 310.104 118.994 311.105 118.994 312.25Z\\" fill=\\"#BBCADB\\"></path><path d=\\"M115.99 260.589C124.285 246.708 129.577 233.829 126.288 223.239C115.561 222.381 104.549 223.239 93.2499 225.815V237.979L110.841 236.977L103.118 248.139L115.99 260.589Z\\" fill=\\"#EFC0A3\\"></path><path d=\\"M69.6516 263.738L72.369 257.012C68.0783 254.15 65.2179 249.714 63.7877 244.133C69.0795 245.564 70.2237 241.557 72.369 235.403C80.9502 236.691 87.3862 234.974 93.393 232.398C97.3976 243.417 96.9686 252.146 88.8164 257.298L90.2466 262.021C99.1139 276.045 71.3678 278.907 69.6516 263.738Z\\" fill=\\"#EFC0A3\\"></path><path d=\\"M63.2153 291.357L46.4819 293.36C45.1947 307.957 45.1947 319.978 50.6295 320.55C61.6421 321.981 73.5129 303.95 85.5266 286.491C96.1102 282.914 97.8264 278.478 96.1102 273.612C91.9626 268.317 86.5278 270.75 80.6639 276.76C74.657 283.486 69.0792 289.783 64.0735 295.364C61.7851 297.081 61.4991 295.793 63.2153 291.357Z\\" fill=\\"#EFC0A3\\"></path><path d=\\"M63.6446 244.276C60.9272 240.698 60.3551 235.26 61.2132 228.534C62.2144 223.24 66.648 212.936 68.6503 214.796C76.6595 216.8 82.0943 213.509 88.6733 213.079C95.2522 212.65 98.2556 217.945 99.8289 221.952C98.5417 225.959 96.8254 229.822 93.2499 232.398C87.9581 234.974 81.5222 236.405 72.2258 235.403C71.0817 241.7 68.6503 245.421 63.6446 244.276Z\\" fill=\\"#635454\\"></path><path d=\\"M217.678 354.465L225.687 360.046C234.269 360.046 226.832 351.031 232.552 343.16L223.399 342.015L217.678 354.465Z\\" fill=\\"#EFC0A3\\"></path><path d=\\"M195.653 360.047L196.368 370.064C214.675 373.641 231.837 376.647 234.698 371.209C234.698 371.209 219.108 364.626 216.677 356.898C207.81 354.036 200.516 354.179 195.653 360.047Z\\" fill=\\"#B15654\\"></path><path d=\\"M156.751 164.71C189.61 164.71 216.248 151.063 216.248 134.229C216.248 117.395 189.61 103.748 156.751 103.748C123.892 103.748 97.2544 117.395 97.2544 134.229C97.2544 151.063 123.892 164.71 156.751 164.71Z\\" fill=\\"#BBCADB\\"></path><path d=\\"M109.268 176.874C115.745 176.874 120.996 174.183 120.996 170.864C120.996 167.544 115.745 164.853 109.268 164.853C102.791 164.853 97.5406 167.544 97.5406 170.864C97.5406 174.183 102.791 176.874 109.268 176.874Z\\" fill=\\"#BBCADB\\"></path><path d=\\"M98.8277 188.036C102.54 188.036 105.55 186.498 105.55 184.602C105.55 182.705 102.54 181.167 98.8277 181.167C95.1153 181.167 92.1057 182.705 92.1057 184.602C92.1057 186.498 95.1153 188.036 98.8277 188.036Z\\" fill=\\"#BBCADB\\"></path><path d=\\"M155.893 154.693C168.215 154.693 178.204 144.698 178.204 132.369C178.204 120.04 168.215 110.045 155.893 110.045C143.571 110.045 133.582 120.04 133.582 132.369C133.582 144.698 143.571 154.693 155.893 154.693Z\\" fill=\\"#EDDA48\\"></path><path d=\\"M155.893 151.115C166.241 151.115 174.629 142.722 174.629 132.369C174.629 122.015 166.241 113.622 155.893 113.622C145.546 113.622 137.157 122.015 137.157 132.369C137.157 142.722 145.546 151.115 155.893 151.115Z\\" fill=\\"#E2B255\\"></path><path d=\\"M163.044 131.653C168.336 127.36 162.901 123.353 158.897 123.496V119.203H156.036V123.496H154.463V119.203H151.745V123.496H146.74V126.072H149.886V139.524H146.74V142.1H151.745V146.25H154.32V141.957H155.893V146.25H158.61V141.957C164.903 141.671 169.337 136.662 163.044 131.653ZM154.463 126.215H158.324C159.755 126.359 161.185 129.364 158.324 130.938H154.463V126.215ZM158.754 139.238H154.32V133.657H158.754C161.9 134.659 162.186 137.807 158.754 139.238Z\\" fill=\\"#EDDA48\\"></path><path d=\\"M165.288 284.879C167.583 284.291 168.825 281.394 168.062 278.408C167.298 275.422 164.818 273.478 162.522 274.065C160.227 274.653 158.985 277.55 159.748 280.537C160.512 283.523 162.992 285.467 165.288 284.879Z\\" fill=\\"white\\"></path></svg></div><div class=\\"css-12b9mdt\\"><svg style=\\"height: 400px;\\" class=\\"howto__step2\\" viewBox=\\"0 0 298 373\\" fill=\\"none\\" xmlns=\\"http://www.w3.org/2000/svg\\"><path d=\\"M177.988 333.829H4.88133C2.16948 333.829 0 331.658 0 328.946V221.338C0 218.625 2.16948 216.455 4.88133 216.455H177.988C180.699 216.455 182.869 218.625 182.869 221.338V328.946C182.779 331.658 180.609 333.829 177.988 333.829Z\\" fill=\\"#BBCADB\\"></path><path d=\\"M79.186 333.829C80.0899 344.861 73.5815 353.361 63.2765 360.595H115.344C105.943 353.813 100.881 344.861 100.158 333.829H79.186Z\\" fill=\\"#BBCADB\\"></path><path d=\\"M172.564 227.035H10.757V323.791H172.564V227.035Z\\" fill=\\"white\\"></path><path d=\\"M22.0564 323.882V283.28C22.0564 282.105 23.0507 281.11 24.2259 281.11H156.383C157.558 281.11 158.553 282.105 158.553 283.28V323.882H22.0564Z\\" fill=\\"#A5C957\\"></path><path d=\\"M40.5874 272.519C50.8217 272.519 59.1183 264.22 59.1183 253.982C59.1183 243.744 50.8217 235.445 40.5874 235.445C30.353 235.445 22.0564 243.744 22.0564 253.982C22.0564 264.22 30.353 272.519 40.5874 272.519Z\\" fill=\\"#8EB85B\\"></path><path d=\\"M160.18 243.673H69.8753C69.6945 243.673 69.4233 243.492 69.4233 243.221V238.157C69.4233 237.976 69.6041 237.705 69.8753 237.705H160.18C160.361 237.705 160.632 237.886 160.632 238.157V243.221C160.632 243.492 160.451 243.673 160.18 243.673Z\\" fill=\\"#DEE0E0\\"></path><path d=\\"M77.5588 253.982H69.8753C69.6945 253.982 69.4233 253.801 69.4233 253.53V248.466C69.4233 248.285 69.6041 248.014 69.8753 248.014H77.5588C77.7396 248.014 78.0108 248.195 78.0108 248.466V253.53C77.9204 253.801 77.7396 253.982 77.5588 253.982Z\\" fill=\\"#DEE0E0\\"></path><path d=\\"M138.756 253.982H80.9938C80.8131 253.982 80.5419 253.801 80.5419 253.53V248.466C80.5419 248.285 80.7227 248.014 80.9938 248.014H138.756C138.937 248.014 139.208 248.195 139.208 248.466V253.53C139.118 253.801 138.937 253.982 138.756 253.982Z\\" fill=\\"#DEE0E0\\"></path><path d=\\"M127.457 265.285H69.8753C69.6945 265.285 69.4233 265.104 69.4233 264.833V259.769C69.4233 259.588 69.6041 259.317 69.8753 259.317H127.457C127.638 259.317 127.909 259.498 127.909 259.769V264.833C127.909 265.104 127.728 265.285 127.457 265.285Z\\" fill=\\"#DEE0E0\\"></path><path d=\\"M87.7735 297.206H30.5535C30.1919 297.206 29.9207 296.935 29.9207 296.573V291.961C29.9207 291.599 30.1919 291.328 30.5535 291.328H87.7735C88.1351 291.328 88.4062 291.599 88.4062 291.961V296.573C88.4062 296.935 88.1351 297.206 87.7735 297.206Z\\" fill=\\"white\\"></path><path d=\\"M87.7735 309.413H30.5535C30.1919 309.413 29.9207 309.142 29.9207 308.78V304.169C29.9207 303.807 30.1919 303.536 30.5535 303.536H87.7735C88.1351 303.536 88.4062 303.807 88.4062 304.169V308.78C88.4062 309.142 88.1351 309.413 87.7735 309.413Z\\" fill=\\"white\\"></path><path d=\\"M87.7735 321.621H30.5535C30.1919 321.621 29.9207 321.35 29.9207 320.988V316.376C29.9207 316.014 30.1919 315.743 30.5535 315.743H87.7735C88.1351 315.743 88.4062 316.014 88.4062 316.376V320.988C88.4062 321.35 88.1351 321.621 87.7735 321.621Z\\" fill=\\"white\\"></path><path d=\\"M212.077 165.159C242.472 134.754 242.472 85.4577 212.077 55.0529C181.683 24.6481 132.404 24.6481 102.01 55.0529C71.6159 85.4577 71.6159 134.754 102.01 165.159C132.404 195.563 181.683 195.563 212.077 165.159Z\\" fill=\\"#EDDA48\\"></path><path d=\\"M203.448 156.527C229.077 130.889 229.077 89.3224 203.448 63.6849C177.82 38.0474 136.268 38.0474 110.639 63.6849C85.0105 89.3224 85.0105 130.889 110.639 156.527C136.268 182.164 177.82 182.164 203.448 156.527Z\\" fill=\\"#E2B255\\"></path><path d=\\"M176.18 125.667C199.863 127.928 196.609 104.869 186.214 95.2837L196.699 84.7942L189.558 77.6505L178.982 88.2304L175.276 84.5229L185.852 73.943L179.163 67.2515L168.677 77.741L156.293 65.3525L150.056 71.592L157.92 79.4591L124.835 112.555L116.971 104.688L110.643 111.018L123.028 123.406L112.723 133.715L119.231 140.226L129.717 129.736L133.604 133.624L123.118 144.114L129.717 150.715L140.203 140.226C155.841 155.056 179.524 153.699 176.18 125.667ZM168.406 91.2145L177.897 100.709C181.151 104.778 177.445 115.63 166.327 112.284L156.745 102.88L168.406 91.2145ZM147.163 134.077L136.406 123.316L150.056 109.661L160.813 120.422C166.056 130.369 158.824 138.779 147.163 134.077Z\\" fill=\\"#EDDA48\\"></path><path d=\\"M157.016 357.249C157.016 357.249 160.632 372.802 157.016 372.893C153.4 372.983 145.988 373.526 136.858 370.903C119.592 367.286 119.592 368.01 119.592 362.403C119.592 356.887 130.711 359.329 134.508 354.627C138.304 349.924 157.016 357.249 157.016 357.249Z\\" fill=\\"#35291F\\"></path><path d=\\"M248.767 350.738C248.767 350.738 237.377 351.733 237.377 355.621C235.388 365.749 245.241 364.755 250.394 366.02C256.27 366.653 260.518 366.02 260.518 366.02C262.778 369.276 269.015 371.898 273.897 369.276C278.778 366.653 271.004 348.749 271.004 348.749L248.767 350.738Z\\" fill=\\"#35291F\\"></path><path d=\\"M171.75 201.444C160.541 211.03 150.96 232.008 142.01 258.323L132.248 352.095C139.027 361.409 147.344 363.127 157.016 357.339C160.903 323.52 169.31 289.158 166.146 273.333C178.259 255.067 190.643 236.349 203.208 217.359C203.208 217.359 210.259 264.11 212.338 268.812C214.417 273.514 248.767 350.829 248.767 350.829C257.174 354.446 264.496 353.542 270.914 348.839C258.53 315.201 253.287 281.924 238.371 269.445L243.705 210.216L171.75 201.444Z\\" fill=\\"#565F88\\"></path><path d=\\"M150.959 179.742C163.253 163.375 175.637 146.646 191.728 132.901L214.326 79.9112C219.84 74.9378 226.801 74.0335 234.304 74.6665L208.722 56.5812L218.756 44.2832L291.614 65.0813C303.908 78.1931 297.851 101.794 278.597 128.018L287.275 188.333C258.71 216.998 217.852 215.551 171.841 201.354L173.558 180.556L159.637 191.859L150.959 179.742Z\\" fill=\\"#394B5F\\"></path><path d=\\"M224.451 23.5754L221.468 28.7297C221.106 37.2298 222.824 44.5544 227.705 50.3417L261.241 58.6609L259.885 51.3364L224.451 23.5754Z\\" fill=\\"#E7D6BA\\"></path><path d=\\"M261.241 58.661L251.5 55L241.354 53.6875C241.354 57.2141 243.614 60.2886 241.354 66.8898L261.241 58.661Z\\" fill=\\"#E7D6BA\\"></path><path d=\\"M205.197 19.6872C205.197 19.6872 212.97 21.6766 215.954 19.6872C218.937 17.6978 226.801 8.92643 236.744 6.66577C256.36 8.92643 261.965 18.0595 267.027 27.4639C268.925 32.8894 264.405 42.1129 259.885 51.246C254.371 53.4162 249.4 49.7088 244.609 44.2832C241.083 40.0331 236.112 38.6767 229.332 41.4799C230.055 35.3309 228.518 31.0809 224.451 28.9107C224.451 28.9107 215.954 28.4585 211.705 26.8309C207.456 25.2032 205.197 19.6872 205.197 19.6872Z\\" fill=\\"#394B5F\\"></path><path d=\\"M217.4 45.9107L212.518 51.9693H208.722C200.406 44.5543 190.914 39.3096 180.88 36.0542C186.304 35.8734 200.677 34.1553 205.196 36.1446C209.716 38.134 217.4 45.9107 217.4 45.9107Z\\" fill=\\"#E7D6BA\\"></path><path d=\\"M157.92 189.418C157.92 189.418 152.315 197.104 145.807 197.104C139.299 197.104 134.508 193.125 133.423 189.418C132.338 185.71 134.96 184.625 134.96 184.625L152.858 182.274L157.92 189.418Z\\" fill=\\"#E7D6BA\\"></path></svg><div class=\\"css-4z4u6h\\"><svg style=\\"width: 121px;\\" class=\\"\\" viewBox=\\"0 0 121 118\\" fill=\\"none\\" xmlns=\\"http://www.w3.org/2000/svg\\"><path d=\\"M114 57C114 88.4802 88.4802 114 57 114C25.5198 114 0 88.4802 0 57C0 25.5198 25.5198 0 57 0C88.4802 0 114 25.5198 114 57Z\\" style=\\"fill: #aee239;\\"></path><path d=\\"M68.3666 112.867C87.5293 108.989 103.206 95.4986 110.146 77.6459L70 37.5L65.5 52.5L39.5 84L68.3666 112.867Z\\" style=\\"fill: #aee239;\\"></path><path d=\\"M68.3666 112.867C87.5293 108.989 103.206 95.4986 110.146 77.6459L70 37.5L65.5 52.5L39.5 84L68.3666 112.867Z\\" style=\\"fill: #aee239;\\"></path><path d=\\"M68.3666 112.867C87.5293 108.989 103.206 95.4986 110.146 77.6459L70 37.5L65.5 52.5L55.5522 64.5522L39.5 84L68.3666 112.867Z\\" style=\\"fill: #8fbe00;\\"></path><path d=\\"M65.5 52.5L70 37.5H49L39.5 48.5L55.5522 64.5522L65.5 52.5Z\\" style=\\"fill: #8fbe00;\\"></path><path d=\\"M39.5664 84V77.2852L56.125 59.5312C58.5156 56.7891 60.2148 54.4805 61.2226 52.6055C62.2304 50.707 62.7344 48.9492 62.7344 47.332C62.7344 45.1758 62.1484 43.418 60.9765 42.0586C59.8281 40.6758 58.1875 39.9844 56.0547 39.9844C53.6875 39.9844 51.8828 40.793 50.6406 42.4102C49.4219 44.0039 48.8125 46.1367 48.8125 48.8086H38.8281L38.7578 48.5977C38.6406 43.9805 40.1523 40.0781 43.2929 36.8906C46.457 33.6797 50.7109 32.0742 56.0547 32.0742C61.3281 32.0742 65.4765 33.4453 68.5 36.1875C71.5234 38.9297 73.0351 42.5859 73.0351 47.1562C73.0351 50.25 72.1797 53.1094 70.4687 55.7344C68.7812 58.3594 65.9687 61.7812 62.0312 66L52.9258 75.9492L52.9961 76.125H66.2851L66.707 71.0625H74.5117V84H39.5664Z\\" style=\\"fill: #191716;\\"></path></svg><h3 class=\\"css-1bkcn2\\"><span>Transfer money</span></h3><p class=\\"css-16bwuks\\"><span>In the next step, you will be provided with the number of our wallet for transferring money to it for exchange (the data will also be available at your post office). To which you will need to transfer the specified amount</span></p></div></div><div class=\\"css-12b9mdt\\"><div class=\\"css-1ah5yab\\"><svg style=\\"width: 121px;\\" class=\\"\\" viewBox=\\"0 0 121 119\\" fill=\\"none\\" xmlns=\\"http://www.w3.org/2000/svg\\"><path d=\\"M114 57C114 88.4802 88.4802 114 57 114C25.5198 114 0 88.4802 0 57C0 25.5198 25.5198 0 57 0C88.4802 0 114 25.5198 114 57Z\\" style=\\"fill: #aee239;\\"></path><path d=\\"M114 57C114 88.4802 88.4802 114 57 114C25.5198 114 0 88.4802 0 57C0 25.5198 25.5198 0 57 0C88.4802 0 114 25.5198 114 57Z\\" style=\\"fill: #aee239;\\"></path><path d=\\"M109.804 77.2344C103.626 93.501 90.2155 106.206 73.5 111.422L40.5 78L49.75 79.75L59 81.5L65.2344 77.2344L50 62L52 59L39 46L48 36H58.25H68.5L94.5 62L109.804 77.2344Z\\" style=\\"fill: #8fbe00;\\"></path><path d=\\"M50.3945 54.0469H56.1602C58.5977 54.0469 60.4023 53.4141 61.5742 52.1484C62.7461 50.8594 63.332 49.0781 63.332 46.8047C63.332 44.7422 62.7461 43.0898 61.5742 41.8477C60.4023 40.6055 58.7031 39.9844 56.4766 39.9844C54.5547 39.9844 52.9375 40.5469 51.625 41.6719C50.3125 42.7969 49.6562 44.2734 49.6562 46.1016H39.707L39.6367 45.8906C39.4961 41.8828 41.0312 38.5781 44.2422 35.9766C47.4531 33.375 51.4375 32.0742 56.1953 32.0742C61.4922 32.0742 65.7109 33.3398 68.8516 35.8711C72.0156 38.4023 73.5977 42.0117 73.5977 46.6992C73.5977 48.9258 72.8945 51.0469 71.4883 53.0625C70.082 55.0547 68.1484 56.6133 65.6875 57.7383C68.5234 58.7461 70.6797 60.293 72.1562 62.3789C73.6562 64.4648 74.4062 66.8906 74.4062 69.6562C74.4062 74.3438 72.6953 78.0352 69.2734 80.7305C65.875 83.4023 61.5156 84.7383 56.1953 84.7383C51.4375 84.7383 47.3477 83.4844 43.9258 80.9766C40.5273 78.4453 38.8867 74.8828 39.0039 70.2891L39.0742 70.0781H49.0234C49.0234 72.0469 49.7266 73.6758 51.1328 74.9648C52.5391 76.2305 54.3203 76.8633 56.4766 76.8633C58.8438 76.8633 60.707 76.207 62.0664 74.8945C63.4492 73.582 64.1406 71.8008 64.1406 69.5508C64.1406 66.8555 63.4609 64.8867 62.1016 63.6445C60.7656 62.3789 58.7852 61.7461 56.1602 61.7461H50.3945V54.0469Z\\" style=\\"fill: #191716;\\"></path></svg><h3 class=\\"css-1bkcn2\\"><span>Confirm the translation</span></h3><p class=\\"css-16bwuks\\"><span>After you have made the transfer, you need to confirm it on the website in your account, or by the link from the email</span></p></div><svg style=\\"height: 500px; margin-left: 80px;\\" class=\\"howto__step3\\" viewBox=\\"0 0 740 525\\" fill=\\"none\\" xmlns=\\"http://www.w3.org/2000/svg\\"><path d=\\"M1 38.9452H739V8.94478C738.644 4.20163 736.031 1.59289 731.044 1H8.95591C4.4436 1.47432 1.47498 3.84589 1 8.94478V38.9452Z\\" fill=\\"#DFE0E0\\"></path><path d=\\"M32.4675 29.2217C37.7795 29.2217 42.0858 24.9215 42.0858 19.6168C42.0858 14.3122 37.7795 10.012 32.4675 10.012C27.1554 10.012 22.8491 14.3122 22.8491 19.6168C22.8491 24.9215 27.1554 29.2217 32.4675 29.2217Z\\" fill=\\"#D45055\\"></path><path d=\\"M66.5472 29.2217C71.8592 29.2217 76.1655 24.9215 76.1655 19.6168C76.1655 14.3122 71.8592 10.012 66.5472 10.012C61.2351 10.012 56.9288 14.3122 56.9288 19.6168C56.9288 24.9215 61.2351 29.2217 66.5472 29.2217Z\\" fill=\\"#F9D97A\\"></path><path d=\\"M100.746 29.2217C106.058 29.2217 110.364 24.9215 110.364 19.6168C110.364 14.3122 106.058 10.012 100.746 10.012C95.4338 10.012 91.1276 14.3122 91.1276 19.6168C91.1276 24.9215 95.4338 29.2217 100.746 29.2217Z\\" fill=\\"#aee239\\"></path><path d=\\"M731.875 474.721H8.1247C4.20611 474.721 1 471.519 1 467.606V8.23192C1 4.31882 4.20611 1.11719 8.1247 1.11719H731.875C735.794 1.11719 739 4.31882 739 8.23192V467.725C739 471.519 735.794 474.721 731.875 474.721Z\\" stroke=\\"#B8B8B9\\" stroke-miterlimit=\\"10\\"></path><path d=\\"M470.043 278.594H269.957C266.514 278.594 263.664 275.748 263.664 272.309V240.411C263.664 236.972 266.514 234.126 269.957 234.126H470.043C473.486 234.126 476.336 236.972 476.336 240.411V272.427C476.336 275.866 473.486 278.594 470.043 278.594Z\\" fill=\\"#aee239\\"></path><path d=\\"M341.204 164.639H71.8908C70.4659 164.639 69.1597 163.453 69.1597 161.911V145.31C69.1597 143.887 70.3471 142.583 71.8908 142.583H341.323C342.748 142.583 344.054 143.769 344.054 145.31V161.911C343.936 163.453 342.748 164.639 341.204 164.639Z\\" fill=\\"#DFE0E0\\"></path><path d=\\"M296.081 202.584H71.8908C70.4659 202.584 69.1597 201.398 69.1597 199.857V183.256C69.1597 181.833 70.3471 180.528 71.8908 180.528H296.2C297.625 180.528 298.931 181.714 298.931 183.256V199.857C298.812 201.398 297.625 202.584 296.081 202.584Z\\" fill=\\"#DFE0E0\\"></path><path d=\\"M129.126 124.322H71.6532C70.2283 124.322 68.9221 123.136 68.9221 121.595V104.994C68.9221 103.571 70.1096 102.266 71.6532 102.266H129.126C130.551 102.266 131.857 103.452 131.857 104.994V121.595C131.857 123.136 130.67 124.322 129.126 124.322Z\\" fill=\\"#DFE0E0\\"></path><path d=\\"M290.382 124.322H151.687C150.262 124.322 148.956 123.136 148.956 121.595V104.994C148.956 103.571 150.144 102.266 151.687 102.266H290.382C291.807 102.266 293.113 103.452 293.113 104.994V121.595C293.113 123.136 291.807 124.322 290.382 124.322Z\\" fill=\\"#DFE0E0\\"></path><path d=\\"M535.946 389.821H266.633C265.208 389.821 263.901 388.635 263.901 387.093V370.492C263.901 369.069 265.089 367.765 266.633 367.765H536.065C537.49 367.765 538.796 368.951 538.796 370.492V387.093C538.677 388.635 537.49 389.821 535.946 389.821Z\\" fill=\\"#DFE0E0\\"></path><path d=\\"M490.823 427.766H266.633C265.208 427.766 263.901 426.58 263.901 425.038V408.437C263.901 407.014 265.089 405.71 266.633 405.71H490.942C492.367 405.71 493.673 406.896 493.673 408.437V425.038C493.554 426.58 492.367 427.766 490.823 427.766Z\\" fill=\\"#DFE0E0\\"></path><path d=\\"M323.868 349.504H266.395C264.97 349.504 263.664 348.318 263.664 346.776V330.175C263.664 328.752 264.851 327.448 266.395 327.448H323.868C325.292 327.448 326.599 328.634 326.599 330.175V346.776C326.599 348.318 325.411 349.504 323.868 349.504Z\\" fill=\\"#DFE0E0\\"></path><path d=\\"M485.123 349.504H346.429C345.004 349.504 343.698 348.318 343.698 346.776V330.175C343.698 328.752 344.885 327.448 346.429 327.448H485.123C486.548 327.448 487.854 328.634 487.854 330.175V346.776C487.854 348.318 486.548 349.504 485.123 349.504Z\\" fill=\\"#DFE0E0\\"></path><path d=\\"M684.734 70.8428H417.557V208.394H684.734V70.8428Z\\" fill=\\"#BBCADB\\"></path><path d=\\"M169.024 476.146C172.23 480.296 173.18 485.751 172.23 492.628L134.825 491.68C134.825 491.68 136.963 482.194 138.982 480.178C141 478.162 157.031 477.569 157.031 477.569L169.024 476.146Z\\" fill=\\"#B15654\\"></path><path d=\\"M124.257 411.046C127.582 415.552 128.532 420.058 126.87 424.564H85.4276C85.4276 424.564 83.6464 417.805 88.1587 417.805C92.6711 417.805 106.089 411.046 106.089 411.046\\" fill=\\"#B15654\\"></path><path d=\\"M111.195 291.637C103.952 303.851 98.0146 326.381 86.8526 351.282C82.8153 353.535 78.6592 355.788 74.3844 358.16C74.3844 358.16 86.8526 358.16 90.0587 358.16C93.2648 358.16 91.2462 363.614 91.2462 363.614L96.9459 360.65C96.9459 360.65 94.8085 359.464 95.996 353.298C97.1834 347.132 122.832 315.353 124.495 300.768C123.545 295.313 118.676 292.467 111.195 291.637Z\\" fill=\\"#E7D6BA\\"></path><path d=\\"M142.069 244.205C143.969 246.695 143.969 250.015 142.069 254.403H161.662C160.118 250.608 160.118 246.814 161.662 242.901L142.069 244.205Z\\" fill=\\"#E7D6BA\\"></path><path d=\\"M129.957 341.203C145.394 347.132 161.543 347.369 178.049 342.982C175.08 323.535 174.368 305.036 178.049 288.672C181.849 285.589 188.736 286.419 196.573 288.672C196.573 283.574 196.573 277.052 196.573 269.7C180.305 258.079 170.212 255.115 161.781 254.522H138.269C120.458 258.435 112.62 271.834 109.177 289.502C114.164 294.957 119.864 299.107 126.395 301.598C125.326 321.163 125.089 339.068 129.957 341.203Z\\" fill=\\"#6D8CA8\\"></path><path d=\\"M129.957 341.203C146.106 345.709 162.137 346.421 178.049 342.982C182.324 356.263 183.036 368.358 174.13 377.37C170.687 406.066 170.568 440.216 171.399 475.79L152.044 478.162L141.95 406.066C140.763 399.781 141 389.346 138.625 379.386C131.144 380.334 124.614 381.164 119.27 381.757C124.257 390.888 124.139 400.611 124.02 411.046H100.271L86.6151 364.326C99.7958 354.128 114.401 346.776 129.957 341.203Z\\" fill=\\"#394B5E\\"></path><path d=\\"M148.956 495.237H156.675L156.081 489.426H147.175L134.113 463.932H142.781V457.054H131.144L118.676 428.24H128.176V423.022H116.301L86.8526 358.041H74.3843C74.3843 358.041 89.5837 390.057 89.5837 391.243C89.5837 392.429 83.0527 422.666 83.0527 422.666H71.7719V428.951H82.2215L61.3224 525H68.4471L88.04 428.358H107.633L119.507 457.41H114.758V464.288H123.07L135.538 489.782H128.651L129.245 495.237H138.15L151.212 525H163.443L148.956 495.237ZM88.2775 423.378L93.621 398.714L104.071 423.378H88.2775Z\\" fill=\\"#BBCADB\\"></path><path d=\\"M196.454 287.487C196.454 287.487 210.347 290.214 213.91 287.487C217.472 284.759 226.022 269.463 226.022 269.463C234.215 265.905 240.39 261.518 238.49 254.403C234.928 251.676 231.128 251.32 227.209 254.403C221.034 256.775 213.91 273.613 213.91 273.613C207.972 276.103 202.273 275.629 196.454 272.783V287.487Z\\" fill=\\"#E7D6BA\\"></path><path d=\\"M150.975 247.17C161.068 247.17 167.243 239.344 168.549 224.877C169.618 212.901 172.943 200.094 152.756 197.96C135.538 197.722 133.045 207.92 132.926 223.691C132.926 239.106 137.557 244.443 150.975 247.17Z\\" fill=\\"#625353\\"></path></svg></div><div class=\\"css-12b9mdt\\"><svg style=\\"height: 400px;\\" class=\\"howto__step4\\" viewBox=\\"0 0 401 367\\" fill=\\"none\\" xmlns=\\"http://www.w3.org/2000/svg\\"><path d=\\"M235.046 224.49L254.787 176.592L350.595 211.857L331.118 266.203L235.046 224.49Z\\" fill=\\"#A5C957\\"></path><path d=\\"M235.046 224.49L331.249 266.203L350.727 211.726L254.919 176.46L235.046 224.49ZM342.436 216.068L327.17 258.703L243.469 221.595L259.92 185.803L342.436 216.068Z\\" fill=\\"#8EB85B\\"></path><path d=\\"M321.511 216.068L320.195 219.226C315.194 218.042 311.904 220.279 310.719 223.832C309.535 227.385 310.982 230.017 314.536 232.912C314.536 232.912 314.667 232.912 314.667 233.043L311.509 241.07C309.666 240.412 308.482 239.359 307.955 238.702L306.245 240.939C307.034 241.728 308.35 242.781 310.456 243.57L309.403 246.071L311.377 247.123L312.562 244.228C316.641 245.018 320.063 243.176 321.116 239.886C322.169 236.728 320.721 234.096 317.826 231.727L321.511 222.779C323.09 223.569 324.538 224.622 325.327 225.674L326.906 223.306C326.117 222.253 324.274 221.069 322.432 220.279L323.616 217.516L321.511 216.068ZM314.009 224.622C314.667 222.516 316.641 221.463 319.142 221.858L315.852 230.017C314.009 228.174 313.483 226.595 314.009 224.622ZM317.957 239.096C317.563 240.412 316.115 241.728 313.746 241.596L316.641 234.754C318.089 236.201 318.484 237.517 317.957 239.096Z\\" fill=\\"#8EB85B\\"></path><path d=\\"M272.027 193.961L270.711 197.12C265.71 195.935 262.42 198.172 261.236 201.725C260.051 205.278 261.499 207.91 265.052 210.805C265.052 210.805 265.184 210.805 265.184 210.936L262.025 218.963C260.183 218.305 258.998 217.253 258.472 216.595L256.761 218.832C257.551 219.621 258.867 220.674 260.972 221.463L259.92 223.964L261.894 225.016L263.078 222.121C267.158 222.911 270.58 221.069 271.632 217.779C272.685 214.621 271.238 211.989 268.342 209.62L272.027 200.672C273.607 201.462 275.054 202.515 275.844 203.567L277.423 201.199C276.633 200.146 274.791 198.962 272.949 198.172L274.133 195.409L272.027 193.961ZM264.526 202.515C265.184 200.409 267.158 199.357 269.658 199.751L266.368 207.91C264.526 206.068 263.999 204.488 264.526 202.515ZM268.474 216.989C268.079 218.305 266.631 219.621 264.263 219.49L267.158 212.647C268.606 214.094 269 215.41 268.474 216.989Z\\" fill=\\"#8EB85B\\"></path><path d=\\"M332.697 281.073H393.367C403.501 281.073 403.501 258.703 393.367 258.703H290.32V281.073H332.697Z\\" fill=\\"#D7AE5F\\"></path><path d=\\"M288.083 218.7H117.918C116.339 218.7 114.891 217.384 114.891 215.673V137.378C114.891 135.799 116.207 134.352 117.918 134.352H224.781C226.36 134.352 227.808 135.668 227.808 137.378V208.173C227.808 209.752 229.124 211.199 230.835 211.199H287.82L288.083 218.7Z\\" fill=\\"#BBCADB\\"></path><path d=\\"M168.191 182.908C170.808 182.908 172.929 179.785 172.929 175.933C172.929 172.082 170.808 168.959 168.191 168.959C165.574 168.959 163.453 172.082 163.453 175.933C163.453 179.785 165.574 182.908 168.191 182.908Z\\" fill=\\"white\\"></path><path d=\\"M307.166 152.511C308.745 145.8 307.824 140.931 304.139 138.036C281.766 137.247 280.187 120.009 284.398 98.165C295.716 99.3493 307.297 100.402 318.221 103.034C319.668 112.245 322.827 123.167 325.722 134.615V140.8L307.166 152.511Z\\" fill=\\"#E7D6BA\\"></path><path d=\\"M301.375 238.043L382.575 231.464C354.543 206.725 344.147 148.826 339.54 144.615C334.934 140.405 330.328 139.352 325.459 140.668L307.034 152.511C282.424 188.434 315.72 222.779 301.375 238.043Z\\" fill=\\"#80C0A7\\"></path><path d=\\"M376.916 231.859C396.394 266.072 359.544 271.862 304.007 268.309C310.719 293.442 313.614 318.312 314.141 343.314H285.582C286.635 317.654 284.661 292.389 277.686 267.914L270.711 268.835C279.265 293.179 283.082 318.049 282.424 343.446H253.997C256.103 316.47 248.207 284.494 235.573 250.018C236.889 238.175 261.499 238.175 301.375 238.175L376.916 231.859Z\\" fill=\\"#35291F\\"></path><path d=\\"M314.141 343.314V367H240.047C227.018 353.709 236.231 346.472 260.709 343.314H314.141Z\\" fill=\\"#394B5F\\"></path><path d=\\"M325.59 134.483C319.142 127.641 316.641 117.245 318.089 102.902C305.981 105.139 294.532 104.087 284.267 98.0335C271.501 87.7696 272.422 80.269 290.452 76.0582C290.452 76.0582 334.276 74.4791 342.436 93.5595C350.595 112.64 368.23 148.037 360.861 168.96C353.491 189.882 356.123 191.856 356.123 191.856L325.59 134.483Z\\" fill=\\"#492F2A\\"></path><path d=\\"M304.007 140.142L327.301 114.35L304.007 132.773C296.111 130.141 296.111 146.984 304.007 140.142Z\\" fill=\\"#35291F\\"></path><path d=\\"M332.96 172.249C329.933 172.249 322.037 172.249 310.588 172.249C315.457 206.725 297.953 205.541 267.553 211.331L287.951 216.594C301.77 217.515 315.457 218.173 327.301 213.173C333.487 202.383 334.934 188.566 332.96 172.249Z\\" fill=\\"#E7D6BA\\"></path><path d=\\"M288.083 228.569H243.469L286.504 367H273.738L231.23 228.569H55.9321L16.4506 367H5.92222L46.3249 228.569H0V218.7H288.083V228.569Z\\" fill=\\"#E4C8B0\\"></path><path d=\\"M245.443 93.6909C232.677 84.085 223.07 72.9 219.122 58.6884C223.597 52.5038 226.36 45.0032 226.36 36.8447C226.36 16.4485 209.91 0 189.511 0C169.112 0 152.662 16.4485 152.662 36.8447C152.662 57.2409 169.112 73.6895 189.511 73.6895C194.775 73.6895 199.776 72.5052 204.382 70.5314C214.253 80.5321 228.334 88.0326 245.443 93.6909Z\\" fill=\\"#B15654\\"></path><path d=\\"M212.41 25.66L214.121 27.3706C214.779 28.0286 214.779 29.2128 214.121 29.8708L188.853 55.1358C188.195 55.7937 187.011 55.7937 186.352 55.1358L168.323 37.1081C167.665 36.4502 167.665 35.2659 168.323 34.608L170.033 32.8973C170.692 32.2394 171.876 32.2394 172.534 32.8973L186.221 46.5825C186.879 47.2405 188.063 47.2405 188.721 46.5825L209.778 25.5284C210.568 25.002 211.621 25.002 212.41 25.66Z\\" fill=\\"white\\"></path><path d=\\"M364.151 281.073H330.328L292.821 367H300.717L325.59 315.681L347.7 305.943L369.02 312.522L393.104 366.868H401L364.151 281.073ZM325.327 309.364L330.723 297.916L342.304 303.311L325.327 309.364ZM347.437 300.285L332.829 293.837L335.987 285.415H357.57L360.729 293.574L347.437 300.285ZM353.491 303.311L363.229 297.653L368.099 308.838L353.491 303.311Z\\" fill=\\"#A89382\\"></path></svg><div class=\\"css-4z4u6h\\"><svg style=\\"width: 121px;\\" class=\\"\\" viewBox=\\"0 0 123 119\\" fill=\\"none\\" xmlns=\\"http://www.w3.org/2000/svg\\"><path d=\\"M114 57C114 88.4802 88.4802 114 57 114C25.5198 114 0 88.4802 0 57C0 25.5198 25.5198 0 57 0C88.4802 0 114 25.5198 114 57Z\\" style=\\"fill: #aee239;\\"></path><path d=\\"M110.689 76.1893C104.955 92.2328 92.2328 104.955 76.1893 110.689L37 71.5L67.5 33L110.689 76.1893Z\\" style=\\"fill: #8fbe00;\\"></path><path d=\\"M67.8711 64.9453H73.6719V71.7656H67.8711V76.793L73.3203 77.8477V84H52.1562V77.8477L57.6406 76.793V71.7656H36.7578L36.2656 66.7383L57.5352 32.8125H67.8711V64.9453ZM45.8633 64.9453H57.6406V46.4883L57.4297 46.418L56.5859 47.8945L45.8633 64.9453Z\\" style=\\"fill: #191716;\\"></path></svg><h3 class=\\"css-1bkcn2\\"><span>Receive money</span></h3><p class=\\"css-16bwuks\\"><span>Our operator will make sure that your funds flow into the system and complete the transaction with a transfer</span></p></div></div></section>"`;
