// Jest Snapshot v1, https://goo.gl/fbAQLP

exports[`Control panel: signin Component markup Basic markup 1`] = `"<div class=\\"css-18nqoil\\"><div><h2 class=\\"css-x184e\\"><span>Sign up</span></h2></div><label class=\\"css-gudk1o\\"><input placeholder=\\"Login\\" pattern=\\"[a-zа-яё]{2,}\\" type=\\"text\\" mask=\\"\\" class=\\"css-18b8ap6\\" value=\\"\\"></label><label class=\\"css-gudk1o\\"><input placeholder=\\"Full name\\" type=\\"text\\" mask=\\"\\" class=\\"css-18b8ap6\\" value=\\"\\"></label><label class=\\"css-gudk1o\\"><input placeholder=\\"Email\\" pattern=\\"^(([^<>()\\\\[\\\\]\\\\.,;:\\\\s@&quot;]+(\\\\.[^<>()\\\\[\\\\]\\\\.,;:\\\\s@&quot;]+)*)|(&quot;.+&quot;))@((\\\\[[0-9]{1,3}\\\\.[0-9]{1,3}\\\\.[0-9]{1,3}\\\\.[0-9]{1,3}\\\\])|(([a-zA-Z\\\\-0-9]+\\\\.)+[a-zA-Z]{2,}))$\\" type=\\"text\\" mask=\\"\\" class=\\"css-18b8ap6\\" value=\\"\\"></label><label class=\\"css-gudk1o\\"><input type=\\"password\\" pattern=\\"\\\\S{6,}\\" placeholder=\\"Password\\" mask=\\"\\" class=\\"css-18b8ap6\\" value=\\"\\"></label><label class=\\"css-gudk1o\\"><input type=\\"password\\" pattern=\\"\\\\S{6,}\\" placeholder=\\"Repeat password\\" mask=\\"\\" class=\\"css-18b8ap6\\" value=\\"\\"></label><button cursor=\\"pointer\\" class=\\"css-8hkfp7\\"><div class=\\"css-1v1d0dg\\">Sign up</div></button></div>"`;

exports[`Control panel: signin Component methods bahavriour Should redirect when token is exist 1`] = `"<div class=\\"css-18nqoil\\"><div><h2 class=\\"css-x184e\\"><span>Sign up</span></h2></div><label class=\\"css-gudk1o\\"><input placeholder=\\"Login\\" pattern=\\"[a-zа-яё]{2,}\\" type=\\"text\\" mask=\\"\\" class=\\"css-18b8ap6\\" value=\\"\\"></label><label class=\\"css-gudk1o\\"><input placeholder=\\"Full name\\" type=\\"text\\" mask=\\"\\" class=\\"css-18b8ap6\\" value=\\"\\"></label><label class=\\"css-gudk1o\\"><input placeholder=\\"Email\\" pattern=\\"^(([^<>()\\\\[\\\\]\\\\.,;:\\\\s@&quot;]+(\\\\.[^<>()\\\\[\\\\]\\\\.,;:\\\\s@&quot;]+)*)|(&quot;.+&quot;))@((\\\\[[0-9]{1,3}\\\\.[0-9]{1,3}\\\\.[0-9]{1,3}\\\\.[0-9]{1,3}\\\\])|(([a-zA-Z\\\\-0-9]+\\\\.)+[a-zA-Z]{2,}))$\\" type=\\"text\\" mask=\\"\\" class=\\"css-18b8ap6\\" value=\\"\\"></label><label class=\\"css-gudk1o\\"><input type=\\"password\\" pattern=\\"\\\\S{6,}\\" placeholder=\\"Password\\" mask=\\"\\" class=\\"css-18b8ap6\\" value=\\"\\"></label><label class=\\"css-gudk1o\\"><input type=\\"password\\" pattern=\\"\\\\S{6,}\\" placeholder=\\"Repeat password\\" mask=\\"\\" class=\\"css-18b8ap6\\" value=\\"\\"></label><button cursor=\\"pointer\\" class=\\"css-8hkfp7\\"><div class=\\"css-1v1d0dg\\">Sign up</div></button></div>"`;

exports[`Control panel: signin Form bahavriour Error fields should appear 1`] = `"<div class=\\"css-18nqoil\\"><div><h2 class=\\"css-x184e\\"><span>Sign up</span></h2></div><label class=\\"css-gudk1o\\"><input placeholder=\\"Login\\" pattern=\\"[a-zа-яё]{2,}\\" type=\\"text\\" mask=\\"\\" class=\\"css-ykrnj4\\" value=\\"\\"><span class=\\"css-1j8ju8e error--enter error--enter-active\\">Enter your full name</span></label><label class=\\"css-gudk1o\\"><input placeholder=\\"Full name\\" type=\\"text\\" mask=\\"\\" class=\\"css-ykrnj4\\" value=\\"\\"><span class=\\"css-1j8ju8e error--enter error--enter-active\\">Enter your login</span></label><label class=\\"css-gudk1o\\"><input placeholder=\\"Email\\" pattern=\\"^(([^<>()\\\\[\\\\]\\\\.,;:\\\\s@&quot;]+(\\\\.[^<>()\\\\[\\\\]\\\\.,;:\\\\s@&quot;]+)*)|(&quot;.+&quot;))@((\\\\[[0-9]{1,3}\\\\.[0-9]{1,3}\\\\.[0-9]{1,3}\\\\.[0-9]{1,3}\\\\])|(([a-zA-Z\\\\-0-9]+\\\\.)+[a-zA-Z]{2,}))$\\" type=\\"text\\" mask=\\"\\" class=\\"css-ykrnj4\\" value=\\"\\"><span class=\\"css-1j8ju8e error--enter error--enter-active\\">Enter your email</span></label><label class=\\"css-gudk1o\\"><input type=\\"password\\" pattern=\\"\\\\S{6,}\\" placeholder=\\"Password\\" mask=\\"\\" class=\\"css-ykrnj4\\" value=\\"\\"><span class=\\"css-1j8ju8e error--enter error--enter-active\\">Enter your password</span></label><label class=\\"css-gudk1o\\"><input type=\\"password\\" pattern=\\"\\\\S{6,}\\" placeholder=\\"Repeat password\\" mask=\\"\\" class=\\"css-18b8ap6\\" value=\\"\\"></label><button cursor=\\"pointer\\" class=\\"css-8hkfp7\\"><div class=\\"css-1v1d0dg\\">Sign up</div></button></div>"`;

exports[`Control panel: signin Form bahavriour Error fields should hide when problem solves 1`] = `"<div class=\\"css-18nqoil\\"><div><h2 class=\\"css-x184e\\"><span>Sign up</span></h2></div><label class=\\"css-gudk1o\\"><input placeholder=\\"Login\\" pattern=\\"[a-zа-яё]{2,}\\" type=\\"text\\" mask=\\"\\" class=\\"css-ykrnj4\\" value=\\"\\"><span class=\\"css-1j8ju8e error--enter-done\\">Enter your full name</span></label><label class=\\"css-gudk1o\\"><input placeholder=\\"Full name\\" type=\\"text\\" mask=\\"\\" class=\\"css-18b8ap6\\" value=\\"Fake fio\\"></label><label class=\\"css-gudk1o\\"><input placeholder=\\"Email\\" pattern=\\"^(([^<>()\\\\[\\\\]\\\\.,;:\\\\s@&quot;]+(\\\\.[^<>()\\\\[\\\\]\\\\.,;:\\\\s@&quot;]+)*)|(&quot;.+&quot;))@((\\\\[[0-9]{1,3}\\\\.[0-9]{1,3}\\\\.[0-9]{1,3}\\\\.[0-9]{1,3}\\\\])|(([a-zA-Z\\\\-0-9]+\\\\.)+[a-zA-Z]{2,}))$\\" type=\\"text\\" mask=\\"\\" class=\\"css-18b8ap6\\" value=\\"fake@email.com\\"></label><label class=\\"css-gudk1o\\"><input type=\\"password\\" pattern=\\"\\\\S{6,}\\" placeholder=\\"Password\\" mask=\\"\\" class=\\"css-18b8ap6\\" value=\\"Fake password\\"></label><label class=\\"css-gudk1o\\"><input type=\\"password\\" pattern=\\"\\\\S{6,}\\" placeholder=\\"Repeat password\\" mask=\\"\\" class=\\"css-18b8ap6\\" value=\\"Fake password\\"></label><button cursor=\\"pointer\\" class=\\"css-8hkfp7\\"><div class=\\"css-1v1d0dg\\">Sign up</div></button></div>"`;
