// Jest Snapshot v1, https://goo.gl/fbAQLP

exports[`Graphic: chart tests Markup Basic markup 1`] = `"<div class=\\"css-xtttla\\"><div class=\\"recharts-responsive-container\\" style=\\"width:100%;height:450px\\"><div style=\\"position:absolute;width:0;height:0;visibility:hidden;display:none\\"></div></div></div>"`;

exports[`Graphic: chart tests Markup Loading 1`] = `"<div class=\\"css-xtttla\\"><div width=\\"100%\\" height=\\"500\\" class=\\"css-4v9108\\"><svg class=\\"loading\\" width=\\"96\\" height=\\"96\\" viewBox=\\"0 0 256 256\\" fill=\\"none\\" xmlns=\\"http://www.w3.org/2000/svg\\"><path class=\\"clockwise-big\\" d=\\"M223.416 97.9999C218.569 82.6432 210.093 68.6803 198.707 57.2934C187.32 45.9065 173.357 37.4308 158 32.5839V3.56995C180.899 9.10903 201.828 20.8534 218.487 37.5126C235.147 54.1717 246.891 75.1008 252.43 97.9999H223.416ZM98 32.5839C82.6431 37.4305 68.68 45.9061 57.2931 57.293C45.9062 68.68 37.4306 82.643 32.584 97.9999H3.57001C9.10888 75.1007 20.8532 54.1715 37.5124 37.5123C54.1715 20.8531 75.1007 9.10882 98 3.56995V32.5839ZM32.584 158C37.4309 173.357 45.9066 187.32 57.2935 198.706C68.6804 210.093 82.6432 218.569 98 223.416V252.43C75.1008 246.891 54.1717 235.146 37.5126 218.487C20.8535 201.828 9.10909 180.899 3.57001 158H32.584ZM158 223.416C173.357 218.569 187.319 210.093 198.706 198.706C210.093 187.319 218.569 173.357 223.416 158H252.43C246.89 180.899 235.146 201.828 218.487 218.487C201.828 235.146 180.899 246.89 158 252.43V223.416Z\\" style=\\"fill:#40c0cb\\"></path><path class=\\"counter-clockwise\\" d=\\"M193.942 107.266C190.592 96.6555 184.735 87.0081 176.868 79.1403C169 71.2725 159.353 65.4159 148.742 62.066V42C164.568 45.8289 179.032 53.9465 190.545 65.4606C202.057 76.9747 210.173 91.4397 214 107.266H193.942ZM107.266 62.066C96.6555 65.4159 87.0081 71.2725 79.1403 79.1403C71.2725 87.0081 65.4159 96.6555 62.066 107.266H42C45.8276 91.4387 53.9446 76.973 65.4588 65.4588C76.973 53.9446 91.4387 45.8276 107.266 42V62.058V62.066ZM62.066 148.742C65.4159 159.353 71.2725 169 79.1403 176.868C87.0081 184.735 96.6555 190.592 107.266 193.942V214C91.4387 210.172 76.973 202.055 65.4588 190.541C53.9446 179.027 45.8276 164.561 42 148.734H62.058L62.066 148.742ZM148.742 193.942C159.353 190.592 169 184.735 176.868 176.868C184.735 169 190.592 159.353 193.942 148.742H214C210.171 164.568 202.054 179.032 190.539 190.545C179.025 202.057 164.56 210.173 148.734 214V193.942H148.742Z\\" style=\\"fill:#40c0cb\\"></path></svg></div></div>"`;
