// Jest Snapshot v1, https://goo.gl/fbAQLP

exports[`Last operations: operation tests Basic markup 1`] = `"<div class=\\"css-1syjv8w\\"><svg class=\\"\\" style=\\"position: absolute; width: 40px; left: 15px; top: 15px;\\" version=\\"1.1\\" x=\\"0px\\" y=\\"0px\\" viewBox=\\"0 0 400 400\\"><title>bitcoin</title><circle style=\\"fill: #edda48;\\" cx=\\"199.5\\" cy=\\"200.5\\" r=\\"199.5\\"></circle><circle style=\\"fill: #e2b255;\\" cx=\\"199.5\\" cy=\\"200.5\\" r=\\"168.3\\"></circle><text>bitcoin</text></svg><h3 class=\\"css-1spgqx2\\">fake@email.com</h3><div class=\\"css-1cm8o5o\\"><div class=\\"css-oeqoch\\"><span>10<span class=\\"currency__label\\">bitcoin</span></span></div><div class=\\"css-1y0afzh\\"><svg style=\\"fill: #191716;\\" class=\\"separator\\" x=\\"0px\\" y=\\"0px\\" viewBox=\\"0 0 400 400\\"><path style=\\"fill: #191716;\\" d=\\"M184.9,344.1L8.2,167.4c-8.5-8.5-8.5-22.3,0-30.9l20.6-20.6c8.5-8.5,22.3-8.5,30.8,0l140.7,140.1l140.7-140.1 c8.5-8.5,22.3-8.5,30.8,0l20.6,20.6c8.5,8.5,8.5,22.3,0,30.9L215.8,344.1C207.3,352.6,193.5,352.6,184.9,344.1L184.9,344.1z\\"></path></svg></div><div class=\\"css-oeqoch\\"><span>100<span class=\\"currency__label\\">rur</span></span></div></div><div class=\\"css-1djkkte\\"><p><span>Status:</span><span>Waiting for transfer</span></p></div></div>"`;
