// Jest Snapshot v1, https://goo.gl/fbAQLP

exports[`Reserved Markup Basic markup 1`] = `"<div class=\\"css-r00eij\\"><h2 class=\\"css-x184e\\"><span>Our reserves</span></h2><div class=\\"css-1x3ooie\\"></div><svg class=\\"icon-safe\\" viewBox=\\"0 0 85 128\\" fill=\\"none\\" xmlns=\\"http://www.w3.org/2000/svg\\"><path d=\\"M62.559 0.228821H0V127.229H62.559V0.228821Z\\" fill=\\"#BAC8D8\\"></path><path d=\\"M55.9144 7.47278H6.64451H6.56093H5.80872V122.707H6.56093H6.64451H55.9144H57.2517V7.47278H55.9144ZM55.9144 122.12H6.64451V8.059H55.9144V122.12Z\\" fill=\\"#394B5E\\"></path><path d=\\"M31.9273 33.392C33.4274 33.392 34.6436 32.1734 34.6436 30.6703C34.6436 29.1671 33.4274 27.9485 31.9273 27.9485C30.4271 27.9485 29.2109 29.1671 29.2109 30.6703C29.2109 32.1734 30.4271 33.392 31.9273 33.392Z\\" fill=\\"#394B5E\\"></path><path d=\\"M31.9273 23.0076C27.7065 23.0076 24.2798 26.4411 24.2798 30.6703C24.2798 34.8994 27.7065 38.333 31.9273 38.333C36.148 38.333 39.5748 34.8994 39.5748 30.6703C39.5748 26.4411 36.148 23.0076 31.9273 23.0076ZM31.9273 35.4438C29.2945 35.4438 27.1633 33.3083 27.1633 30.6703C27.1633 28.0323 29.2945 25.8968 31.9273 25.8968C34.56 25.8968 36.6913 28.0323 36.6913 30.6703C36.6913 33.3083 34.56 35.4438 31.9273 35.4438Z\\" fill=\\"#394B5E\\"></path><path d=\\"M31.9272 76.8141C26.3274 76.8141 21.7723 81.3782 21.7723 86.9891C21.7723 92.6001 26.3274 97.1642 31.9272 97.1642C37.527 97.1642 42.0821 92.6001 42.0821 86.9891C42.0821 81.3363 37.527 76.8141 31.9272 76.8141ZM31.9272 93.3119C28.4169 93.3119 25.617 90.4646 25.617 86.9891C25.617 83.5137 28.4587 80.6663 31.9272 80.6663C35.3957 80.6663 38.2374 83.5137 38.2374 86.9891C38.2374 90.4646 35.4375 93.3119 31.9272 93.3119Z\\" fill=\\"#394B5E\\"></path><path d=\\"M43.8609 76.8603L41.9993 74.995L19.9259 97.1124L21.7875 98.9777L43.8609 76.8603Z\\" fill=\\"#394B5E\\"></path><path d=\\"M21.8254 75.0251L19.9637 76.8904L42.0372 99.0077L43.8988 97.1424L21.8254 75.0251Z\\" fill=\\"#394B5E\\"></path><path d=\\"M8.10713 94.7356H4.47144V104.241H8.10713V94.7356Z\\" fill=\\"#394B5E\\"></path><path d=\\"M8.10713 29.8747H4.47144V39.3798H8.10713V29.8747Z\\" fill=\\"#394B5E\\"></path><path d=\\"M85 0.228821H62.559V127.229H85V0.228821Z\\" fill=\\"#899CAF\\"></path><path d=\\"M57.1673 83.9103V85.8784H57.0837V84.036H57.0001L57.0837 83.9522L57.1673 83.9103Z\\" fill=\\"#899CAF\\"></path><path d=\\"M57.1672 100.157V100.366H57.0836V100.157H57.1672Z\\" fill=\\"#899CAF\\"></path><path d=\\"M57.1673 102.502V102.586H57.0837H57.0001L57.0837 102.544L57.1673 102.502Z\\" fill=\\"#899CAF\\"></path><path d=\\"M76.9755 23.5717L60.7194 33.0768L58.8388 34.1655L57.1672 35.1286V15.1553L69.2026 9L76.9755 23.5717Z\\" fill=\\"#A5C957\\"></path><path d=\\"M69.2026 9L57.1672 15.1553V17.2071L68.2415 11.6799L73.6741 22.9855L59.4657 31.2763L57.5851 32.4069L57.1672 32.6581V35.1705L58.8388 34.2074L60.7194 33.0768L76.9755 23.5717L69.2026 9Z\\" fill=\\"#8EB85B\\"></path><path d=\\"M69.4534 20.0544C68.8266 19.0494 67.8654 18.8819 66.4446 19.1751H66.4028L65.1073 16.7464C65.6506 16.4533 66.152 16.3696 66.4028 16.3696L66.1938 15.4902C65.8177 15.4902 65.3162 15.6577 64.6894 15.9927L64.2715 15.239L63.6447 15.4902L64.1043 16.3696C63.1014 17.207 62.8507 18.3795 63.4357 19.3425C63.979 20.2219 64.9401 20.3894 66.1102 20.18L67.5729 22.9017C67.0714 23.153 66.5281 23.2786 66.0685 23.2786L66.3192 24.1579C66.7371 24.1579 67.4057 23.9904 67.9908 23.6973L68.4087 24.5348L69.2027 24.2417L68.6594 23.2786C69.9549 22.3155 70.0803 21.0175 69.4534 20.0544ZM64.2715 18.7145C64.0208 18.3376 63.979 17.7095 64.5222 17.207L65.6088 19.3007C64.9819 19.3425 64.564 19.2169 64.2715 18.7145ZM68.2415 22.5667L66.9042 20.1381C67.7818 20.0125 68.2415 20.18 68.6176 20.7243C68.9937 21.3106 68.8684 21.9805 68.2415 22.5667Z\\" fill=\\"#8EB85B\\"></path><path d=\\"M75.1368 53.6782L60.2179 64.3976L57.1672 59.4147V27.9683L59.4657 31.2763L60.7194 33.0768L75.1368 53.6782Z\\" fill=\\"#A5C957\\"></path><path d=\\"M60.7194 33.0768L59.4657 31.2763L57.1672 27.9683V31.7787L57.5851 32.365L58.8388 34.1655L72.2533 53.3013L60.5522 61.6759L57.1672 56.1068V59.4147L60.2179 64.3557L75.1368 53.6782L60.7194 33.0768Z\\" fill=\\"#8EB85B\\"></path><path d=\\"M67.1549 50.2865L66.7788 49.5328L65.8594 50.119C64.7729 48.9047 63.4774 48.9047 62.558 49.6166C61.5969 50.3284 61.5133 51.2915 61.9312 52.7151V52.757L59.6328 54.2644C59.2984 53.762 59.1731 53.2595 59.1313 53.0082L58.2955 53.3014C58.3373 53.6782 58.5044 54.1807 58.9223 54.7669L58.2119 55.2275L58.5462 55.8556L59.382 55.3112C60.3014 56.2743 61.5133 56.3999 62.3909 55.73C63.2267 55.1019 63.3102 54.1388 63.0177 53.0082L65.6087 51.3333C65.9012 51.8358 66.0684 52.3383 66.1101 52.7989L66.9459 52.4639C66.9041 52.0452 66.6952 51.4171 66.3191 50.8727L67.1549 50.2865ZM61.6804 54.8925C61.3043 55.1856 60.7193 55.2694 60.1342 54.7669L62.1401 53.4688C62.2237 54.1388 62.1401 54.5575 61.6804 54.8925ZM62.8506 52.1708C62.6834 51.3333 62.8088 50.8309 63.3102 50.4121C63.8535 49.9934 64.5639 50.0353 65.149 50.6215L62.8506 52.1708Z\\" fill=\\"#8EB85B\\"></path><path d=\\"M58.2538 35.5473L57.8777 34.7936L57.1672 35.2542V37.6828C57.1672 37.7665 57.209 37.8922 57.209 37.9759L58.0448 37.6409C58.003 37.2222 57.7941 36.5941 57.418 36.0498L58.2538 35.5473Z\\" fill=\\"#8EB85B\\"></path><path d=\\"M77.1427 85.4177L75.2622 85.4596L72.8384 85.5015L66.1103 85.669L64.4387 85.7109L58.212 85.8783H57.1673H57.0837V84.0359H57.0001L57.0837 83.9522L57.1673 83.9103V68.5849L75.5129 67.1194L77.1427 85.4177Z\\" fill=\\"#A5C957\\"></path><path d=\\"M75.5129 67.1194L57.1673 68.5849V70.7623L73.716 69.4224L75.0114 83.7847H74.0503L71.6265 83.8266L60.8448 83.9941L57.2091 84.0359H57.1255V85.8783H57.2091L58.2538 85.8365L64.5222 85.7109L66.1938 85.669L72.922 85.5015L75.3457 85.4596L77.2263 85.4177L75.5129 67.1194Z\\" fill=\\"#8EB85B\\"></path><path d=\\"M70.7488 79.095C70.6652 78.2994 70.1637 77.7969 69.4533 77.4201C69.2443 77.3363 68.9936 77.2107 68.7011 77.1688L68.6593 76.3732L68.5757 74.0702C69.1608 74.0702 69.6622 74.1959 70.0801 74.4052L70.2473 73.484C69.8712 73.2747 69.2026 73.1909 68.5757 73.1909L68.5339 72.2697L67.6981 72.2278L67.7399 73.3165C66.1519 73.6515 65.4833 74.7402 65.6087 75.9126C65.6922 76.5407 65.943 77.0013 66.3609 77.3363C66.737 77.6294 67.2802 77.8388 67.9071 78.0063H67.9489L67.9907 78.9275L68.0742 80.7699C67.4474 80.8118 66.9877 80.6443 66.737 80.5605L66.5698 81.4398C66.9041 81.5655 67.4474 81.6911 68.1578 81.6492L68.1996 82.5285L68.8682 82.5704L68.8265 81.5655C69.119 81.4817 69.4115 81.398 69.6205 81.2305C70.3309 80.8118 70.7488 80.0999 70.707 79.3043C70.7488 79.2206 70.7488 79.1787 70.7488 79.095ZM67.2802 76.6664C66.9041 76.4151 66.737 76.122 66.6534 75.6614C66.5698 74.9496 66.9877 74.4052 67.7817 74.154L67.9071 76.2058L67.9489 76.9595C67.6563 76.8757 67.4474 76.792 67.2802 76.6664ZM69.1608 80.4768C69.0772 80.5186 68.9518 80.6024 68.8265 80.6443L68.7847 80.0162L68.7011 78.2994C69.2861 78.5506 69.6205 78.8437 69.6622 79.3881C69.7876 79.7231 69.6205 80.1837 69.1608 80.4768Z\\" fill=\\"#8EB85B\\"></path><path d=\\"M75.5129 101.078L75.1786 108.992L74.8025 117.367L74.7189 119.46L58.6717 117.743L57.1673 117.576V102.586H57.0837H57.0001L57.0837 102.544L57.1673 102.502V100.366H57.0837V100.157H57.1673L58.9224 100.241L60.6358 100.324L63.8118 100.492L74.4682 101.036L75.5129 101.078Z\\" fill=\\"#A5C957\\"></path><path d=\\"M75.1785 108.992L74.4681 101.036L74.301 98.9845L65.0237 99.7382L61.0955 100.073L58.9642 100.241L57.209 100.366V102.46L57.1254 102.502L57.0419 102.544H57.1254H57.209L61.0955 102.209L72.5458 101.287L73.8413 115.65L57.2508 115.901V117.743L58.7552 117.702L74.886 117.325L75.9726 117.283L75.1785 108.992Z\\" fill=\\"#8EB85B\\"></path><path d=\\"M69.537 111.002C69.4116 109.955 68.6594 109.411 67.4893 109.076L67.3639 105.977C67.949 105.977 68.4505 106.103 68.8684 106.312L69.0355 105.391C68.6594 105.182 67.9908 105.098 67.3639 105.098L67.3221 104.177L66.4863 104.135L66.5281 105.224C64.9401 105.559 64.2715 106.647 64.3969 107.82C64.5222 108.992 65.3162 109.578 66.7371 109.913H66.7789L66.9042 112.635C66.2774 112.677 65.8177 112.509 65.567 112.426L65.3998 113.305C65.7341 113.431 66.2774 113.556 66.9878 113.514L67.0296 114.394L67.74 114.436L67.6982 113.431C68.9101 113.096 69.6624 112.133 69.537 111.002ZM65.4416 107.568C65.358 106.857 65.7759 106.312 66.5699 106.061L66.7371 108.825C65.9013 108.615 65.5252 108.238 65.4416 107.568ZM67.6147 112.509L67.5311 110.165C68.1579 110.416 68.4505 110.709 68.4922 111.253C68.534 111.714 68.3251 112.258 67.6147 112.509Z\\" fill=\\"#8EB85B\\"></path><path d=\\"M79.1486 90.7774L64.9819 99.7382L63.8118 100.492L61.0537 102.251L57.1673 104.721V102.586H57.0837H57.0001L57.0837 102.544L57.1673 102.502V100.366H57.0837V100.157H57.1673V85.8783H57.0837V84.0359H57.0001L57.0837 83.9522L57.1673 83.9103L66.4028 77.3363L67.2804 76.6663L67.9072 76.2476L68.3251 75.9126L68.6594 76.3732L69.4534 77.4619L70.7489 79.2624L74.0503 83.7847L75.2622 85.4596L79.1486 90.7774Z\\" fill=\\"#A5C957\\"></path><path d=\\"M75.2622 85.4596L74.0503 83.7847L70.7489 79.2624L69.4116 77.42L68.6594 76.3732L68.3251 75.9126L67.9072 76.2476L67.2804 76.6663L66.4028 77.2944L57.1673 83.9103L57.0837 83.9522L57.0001 84.0359H57.0837V85.8783H57.1673V86.5902L58.212 85.8365L60.8448 83.9522L68.0326 78.8019L68.0744 78.8856L68.8684 79.9743L69.2027 80.4349L69.7459 81.1467L71.6683 83.7847L72.922 85.4596L76.5159 90.4006L61.0955 99.9895L60.6776 100.241L57.2091 102.418L57.1255 102.46L57.0419 102.502H57.1255H57.2091V104.637L61.0955 102.167L63.8954 100.408L65.0655 99.6545L79.1904 90.6937L75.2622 85.4596ZM57.1673 84.0359V86.5902L58.212 85.8365L60.8448 83.9522L57.1673 84.0359Z\\" fill=\\"#8EB85B\\"></path><path d=\\"M70.4146 88.642C69.7877 87.8045 68.8266 87.7208 67.6564 88.0557L66.0684 85.669L65.9431 85.4596C66.4446 85.1665 66.946 84.999 67.4057 84.9572L67.0714 84.1197C66.6535 84.1616 66.0267 84.4128 65.4834 84.7478L64.9819 83.9522L64.2297 84.3291L64.8565 85.2503C64.6894 85.4178 64.564 85.5434 64.4386 85.7109C63.6864 86.7158 63.77 87.7626 64.3551 88.5582C65.0655 89.4794 66.0267 89.605 67.4475 89.1444H67.4893L69.0355 91.4056C68.534 91.7405 68.0326 91.8662 67.7818 91.908L68.0743 92.7455C68.4504 92.7036 68.9519 92.4942 69.537 92.1174L70.0385 92.8292L70.6653 92.4942L70.122 91.6568C70.9996 90.7356 71.125 89.5632 70.4146 88.642ZM65.1491 87.8464C64.7312 87.302 64.773 86.5902 65.358 86.004L66.9042 88.307C66.0684 88.4745 65.567 88.3488 65.1491 87.8464ZM69.5788 90.945L68.2833 88.9769C68.9101 88.8513 69.328 88.9769 69.7041 89.3957C69.9549 89.7725 70.0385 90.3587 69.5788 90.945Z\\" fill=\\"#8EB85B\\"></path><path d=\\"M57.0845 83.9522V84.0365H57.0001L57.0845 83.9522Z\\" fill=\\"#A5C957\\"></path><path d=\\"M57.0001 102.586L57.0837 102.544V102.586H57.0001Z\\" fill=\\"#A5C957\\"></path></svg></div>"`;

exports[`Reserved Markup Basic markup with fake currencies 1`] = `"<div class=\\"css-r00eij\\"><h2 class=\\"css-x184e\\"><span>Our reserves</span></h2><div class=\\"css-1x3ooie\\"><div class=\\"css-2knzmp\\"><p>lisk</p><div class=\\"currency-item\\"><div class=\\"css-1oingry\\"><div class=\\"css-gudk1o\\">undefined undefined</div></div><svg class=\\"\\" style=\\"width: 32px; height: 32px;\\" version=\\"1.1\\" x=\\"0px\\" y=\\"0px\\" viewBox=\\"0 0 400 400\\"><title>bitcoin</title><circle style=\\"fill: #edda48;\\" cx=\\"199.5\\" cy=\\"200.5\\" r=\\"199.5\\"></circle><circle style=\\"fill: #e2b255;\\" cx=\\"199.5\\" cy=\\"200.5\\" r=\\"168.3\\"></circle><text>bitcoin</text></svg></div></div><div class=\\"css-2knzmp\\"><p>tether</p><div class=\\"currency-item\\"><div class=\\"css-1oingry\\"><div class=\\"css-gudk1o\\">undefined undefined</div></div><svg class=\\"\\" style=\\"width: 32px; height: 32px;\\" version=\\"1.1\\" x=\\"0px\\" y=\\"0px\\" viewBox=\\"0 0 400 400\\"><title>eth</title><circle style=\\"fill: #edda48;\\" cx=\\"199.5\\" cy=\\"200.5\\" r=\\"199.5\\"></circle><circle style=\\"fill: #e2b255;\\" cx=\\"199.5\\" cy=\\"200.5\\" r=\\"168.3\\"></circle><text>eth</text></svg></div></div><div class=\\"css-2knzmp\\"><p>litecoin</p><div class=\\"currency-item\\"><div class=\\"css-1oingry\\"><div class=\\"css-gudk1o\\">undefined undefined</div></div><svg class=\\"\\" style=\\"width: 32px; height: 32px;\\" version=\\"1.1\\" x=\\"0px\\" y=\\"0px\\" viewBox=\\"0 0 400 400\\"><title>rur</title><circle style=\\"fill: #edda48;\\" cx=\\"199.5\\" cy=\\"200.5\\" r=\\"199.5\\"></circle><circle style=\\"fill: #e2b255;\\" cx=\\"199.5\\" cy=\\"200.5\\" r=\\"168.3\\"></circle><text>rur</text></svg></div></div></div><svg class=\\"icon-safe\\" viewBox=\\"0 0 85 128\\" fill=\\"none\\" xmlns=\\"http://www.w3.org/2000/svg\\"><path d=\\"M62.559 0.228821H0V127.229H62.559V0.228821Z\\" fill=\\"#BAC8D8\\"></path><path d=\\"M55.9144 7.47278H6.64451H6.56093H5.80872V122.707H6.56093H6.64451H55.9144H57.2517V7.47278H55.9144ZM55.9144 122.12H6.64451V8.059H55.9144V122.12Z\\" fill=\\"#394B5E\\"></path><path d=\\"M31.9273 33.392C33.4274 33.392 34.6436 32.1734 34.6436 30.6703C34.6436 29.1671 33.4274 27.9485 31.9273 27.9485C30.4271 27.9485 29.2109 29.1671 29.2109 30.6703C29.2109 32.1734 30.4271 33.392 31.9273 33.392Z\\" fill=\\"#394B5E\\"></path><path d=\\"M31.9273 23.0076C27.7065 23.0076 24.2798 26.4411 24.2798 30.6703C24.2798 34.8994 27.7065 38.333 31.9273 38.333C36.148 38.333 39.5748 34.8994 39.5748 30.6703C39.5748 26.4411 36.148 23.0076 31.9273 23.0076ZM31.9273 35.4438C29.2945 35.4438 27.1633 33.3083 27.1633 30.6703C27.1633 28.0323 29.2945 25.8968 31.9273 25.8968C34.56 25.8968 36.6913 28.0323 36.6913 30.6703C36.6913 33.3083 34.56 35.4438 31.9273 35.4438Z\\" fill=\\"#394B5E\\"></path><path d=\\"M31.9272 76.8141C26.3274 76.8141 21.7723 81.3782 21.7723 86.9891C21.7723 92.6001 26.3274 97.1642 31.9272 97.1642C37.527 97.1642 42.0821 92.6001 42.0821 86.9891C42.0821 81.3363 37.527 76.8141 31.9272 76.8141ZM31.9272 93.3119C28.4169 93.3119 25.617 90.4646 25.617 86.9891C25.617 83.5137 28.4587 80.6663 31.9272 80.6663C35.3957 80.6663 38.2374 83.5137 38.2374 86.9891C38.2374 90.4646 35.4375 93.3119 31.9272 93.3119Z\\" fill=\\"#394B5E\\"></path><path d=\\"M43.8609 76.8603L41.9993 74.995L19.9259 97.1124L21.7875 98.9777L43.8609 76.8603Z\\" fill=\\"#394B5E\\"></path><path d=\\"M21.8254 75.0251L19.9637 76.8904L42.0372 99.0077L43.8988 97.1424L21.8254 75.0251Z\\" fill=\\"#394B5E\\"></path><path d=\\"M8.10713 94.7356H4.47144V104.241H8.10713V94.7356Z\\" fill=\\"#394B5E\\"></path><path d=\\"M8.10713 29.8747H4.47144V39.3798H8.10713V29.8747Z\\" fill=\\"#394B5E\\"></path><path d=\\"M85 0.228821H62.559V127.229H85V0.228821Z\\" fill=\\"#899CAF\\"></path><path d=\\"M57.1673 83.9103V85.8784H57.0837V84.036H57.0001L57.0837 83.9522L57.1673 83.9103Z\\" fill=\\"#899CAF\\"></path><path d=\\"M57.1672 100.157V100.366H57.0836V100.157H57.1672Z\\" fill=\\"#899CAF\\"></path><path d=\\"M57.1673 102.502V102.586H57.0837H57.0001L57.0837 102.544L57.1673 102.502Z\\" fill=\\"#899CAF\\"></path><path d=\\"M76.9755 23.5717L60.7194 33.0768L58.8388 34.1655L57.1672 35.1286V15.1553L69.2026 9L76.9755 23.5717Z\\" fill=\\"#A5C957\\"></path><path d=\\"M69.2026 9L57.1672 15.1553V17.2071L68.2415 11.6799L73.6741 22.9855L59.4657 31.2763L57.5851 32.4069L57.1672 32.6581V35.1705L58.8388 34.2074L60.7194 33.0768L76.9755 23.5717L69.2026 9Z\\" fill=\\"#8EB85B\\"></path><path d=\\"M69.4534 20.0544C68.8266 19.0494 67.8654 18.8819 66.4446 19.1751H66.4028L65.1073 16.7464C65.6506 16.4533 66.152 16.3696 66.4028 16.3696L66.1938 15.4902C65.8177 15.4902 65.3162 15.6577 64.6894 15.9927L64.2715 15.239L63.6447 15.4902L64.1043 16.3696C63.1014 17.207 62.8507 18.3795 63.4357 19.3425C63.979 20.2219 64.9401 20.3894 66.1102 20.18L67.5729 22.9017C67.0714 23.153 66.5281 23.2786 66.0685 23.2786L66.3192 24.1579C66.7371 24.1579 67.4057 23.9904 67.9908 23.6973L68.4087 24.5348L69.2027 24.2417L68.6594 23.2786C69.9549 22.3155 70.0803 21.0175 69.4534 20.0544ZM64.2715 18.7145C64.0208 18.3376 63.979 17.7095 64.5222 17.207L65.6088 19.3007C64.9819 19.3425 64.564 19.2169 64.2715 18.7145ZM68.2415 22.5667L66.9042 20.1381C67.7818 20.0125 68.2415 20.18 68.6176 20.7243C68.9937 21.3106 68.8684 21.9805 68.2415 22.5667Z\\" fill=\\"#8EB85B\\"></path><path d=\\"M75.1368 53.6782L60.2179 64.3976L57.1672 59.4147V27.9683L59.4657 31.2763L60.7194 33.0768L75.1368 53.6782Z\\" fill=\\"#A5C957\\"></path><path d=\\"M60.7194 33.0768L59.4657 31.2763L57.1672 27.9683V31.7787L57.5851 32.365L58.8388 34.1655L72.2533 53.3013L60.5522 61.6759L57.1672 56.1068V59.4147L60.2179 64.3557L75.1368 53.6782L60.7194 33.0768Z\\" fill=\\"#8EB85B\\"></path><path d=\\"M67.1549 50.2865L66.7788 49.5328L65.8594 50.119C64.7729 48.9047 63.4774 48.9047 62.558 49.6166C61.5969 50.3284 61.5133 51.2915 61.9312 52.7151V52.757L59.6328 54.2644C59.2984 53.762 59.1731 53.2595 59.1313 53.0082L58.2955 53.3014C58.3373 53.6782 58.5044 54.1807 58.9223 54.7669L58.2119 55.2275L58.5462 55.8556L59.382 55.3112C60.3014 56.2743 61.5133 56.3999 62.3909 55.73C63.2267 55.1019 63.3102 54.1388 63.0177 53.0082L65.6087 51.3333C65.9012 51.8358 66.0684 52.3383 66.1101 52.7989L66.9459 52.4639C66.9041 52.0452 66.6952 51.4171 66.3191 50.8727L67.1549 50.2865ZM61.6804 54.8925C61.3043 55.1856 60.7193 55.2694 60.1342 54.7669L62.1401 53.4688C62.2237 54.1388 62.1401 54.5575 61.6804 54.8925ZM62.8506 52.1708C62.6834 51.3333 62.8088 50.8309 63.3102 50.4121C63.8535 49.9934 64.5639 50.0353 65.149 50.6215L62.8506 52.1708Z\\" fill=\\"#8EB85B\\"></path><path d=\\"M58.2538 35.5473L57.8777 34.7936L57.1672 35.2542V37.6828C57.1672 37.7665 57.209 37.8922 57.209 37.9759L58.0448 37.6409C58.003 37.2222 57.7941 36.5941 57.418 36.0498L58.2538 35.5473Z\\" fill=\\"#8EB85B\\"></path><path d=\\"M77.1427 85.4177L75.2622 85.4596L72.8384 85.5015L66.1103 85.669L64.4387 85.7109L58.212 85.8783H57.1673H57.0837V84.0359H57.0001L57.0837 83.9522L57.1673 83.9103V68.5849L75.5129 67.1194L77.1427 85.4177Z\\" fill=\\"#A5C957\\"></path><path d=\\"M75.5129 67.1194L57.1673 68.5849V70.7623L73.716 69.4224L75.0114 83.7847H74.0503L71.6265 83.8266L60.8448 83.9941L57.2091 84.0359H57.1255V85.8783H57.2091L58.2538 85.8365L64.5222 85.7109L66.1938 85.669L72.922 85.5015L75.3457 85.4596L77.2263 85.4177L75.5129 67.1194Z\\" fill=\\"#8EB85B\\"></path><path d=\\"M70.7488 79.095C70.6652 78.2994 70.1637 77.7969 69.4533 77.4201C69.2443 77.3363 68.9936 77.2107 68.7011 77.1688L68.6593 76.3732L68.5757 74.0702C69.1608 74.0702 69.6622 74.1959 70.0801 74.4052L70.2473 73.484C69.8712 73.2747 69.2026 73.1909 68.5757 73.1909L68.5339 72.2697L67.6981 72.2278L67.7399 73.3165C66.1519 73.6515 65.4833 74.7402 65.6087 75.9126C65.6922 76.5407 65.943 77.0013 66.3609 77.3363C66.737 77.6294 67.2802 77.8388 67.9071 78.0063H67.9489L67.9907 78.9275L68.0742 80.7699C67.4474 80.8118 66.9877 80.6443 66.737 80.5605L66.5698 81.4398C66.9041 81.5655 67.4474 81.6911 68.1578 81.6492L68.1996 82.5285L68.8682 82.5704L68.8265 81.5655C69.119 81.4817 69.4115 81.398 69.6205 81.2305C70.3309 80.8118 70.7488 80.0999 70.707 79.3043C70.7488 79.2206 70.7488 79.1787 70.7488 79.095ZM67.2802 76.6664C66.9041 76.4151 66.737 76.122 66.6534 75.6614C66.5698 74.9496 66.9877 74.4052 67.7817 74.154L67.9071 76.2058L67.9489 76.9595C67.6563 76.8757 67.4474 76.792 67.2802 76.6664ZM69.1608 80.4768C69.0772 80.5186 68.9518 80.6024 68.8265 80.6443L68.7847 80.0162L68.7011 78.2994C69.2861 78.5506 69.6205 78.8437 69.6622 79.3881C69.7876 79.7231 69.6205 80.1837 69.1608 80.4768Z\\" fill=\\"#8EB85B\\"></path><path d=\\"M75.5129 101.078L75.1786 108.992L74.8025 117.367L74.7189 119.46L58.6717 117.743L57.1673 117.576V102.586H57.0837H57.0001L57.0837 102.544L57.1673 102.502V100.366H57.0837V100.157H57.1673L58.9224 100.241L60.6358 100.324L63.8118 100.492L74.4682 101.036L75.5129 101.078Z\\" fill=\\"#A5C957\\"></path><path d=\\"M75.1785 108.992L74.4681 101.036L74.301 98.9845L65.0237 99.7382L61.0955 100.073L58.9642 100.241L57.209 100.366V102.46L57.1254 102.502L57.0419 102.544H57.1254H57.209L61.0955 102.209L72.5458 101.287L73.8413 115.65L57.2508 115.901V117.743L58.7552 117.702L74.886 117.325L75.9726 117.283L75.1785 108.992Z\\" fill=\\"#8EB85B\\"></path><path d=\\"M69.537 111.002C69.4116 109.955 68.6594 109.411 67.4893 109.076L67.3639 105.977C67.949 105.977 68.4505 106.103 68.8684 106.312L69.0355 105.391C68.6594 105.182 67.9908 105.098 67.3639 105.098L67.3221 104.177L66.4863 104.135L66.5281 105.224C64.9401 105.559 64.2715 106.647 64.3969 107.82C64.5222 108.992 65.3162 109.578 66.7371 109.913H66.7789L66.9042 112.635C66.2774 112.677 65.8177 112.509 65.567 112.426L65.3998 113.305C65.7341 113.431 66.2774 113.556 66.9878 113.514L67.0296 114.394L67.74 114.436L67.6982 113.431C68.9101 113.096 69.6624 112.133 69.537 111.002ZM65.4416 107.568C65.358 106.857 65.7759 106.312 66.5699 106.061L66.7371 108.825C65.9013 108.615 65.5252 108.238 65.4416 107.568ZM67.6147 112.509L67.5311 110.165C68.1579 110.416 68.4505 110.709 68.4922 111.253C68.534 111.714 68.3251 112.258 67.6147 112.509Z\\" fill=\\"#8EB85B\\"></path><path d=\\"M79.1486 90.7774L64.9819 99.7382L63.8118 100.492L61.0537 102.251L57.1673 104.721V102.586H57.0837H57.0001L57.0837 102.544L57.1673 102.502V100.366H57.0837V100.157H57.1673V85.8783H57.0837V84.0359H57.0001L57.0837 83.9522L57.1673 83.9103L66.4028 77.3363L67.2804 76.6663L67.9072 76.2476L68.3251 75.9126L68.6594 76.3732L69.4534 77.4619L70.7489 79.2624L74.0503 83.7847L75.2622 85.4596L79.1486 90.7774Z\\" fill=\\"#A5C957\\"></path><path d=\\"M75.2622 85.4596L74.0503 83.7847L70.7489 79.2624L69.4116 77.42L68.6594 76.3732L68.3251 75.9126L67.9072 76.2476L67.2804 76.6663L66.4028 77.2944L57.1673 83.9103L57.0837 83.9522L57.0001 84.0359H57.0837V85.8783H57.1673V86.5902L58.212 85.8365L60.8448 83.9522L68.0326 78.8019L68.0744 78.8856L68.8684 79.9743L69.2027 80.4349L69.7459 81.1467L71.6683 83.7847L72.922 85.4596L76.5159 90.4006L61.0955 99.9895L60.6776 100.241L57.2091 102.418L57.1255 102.46L57.0419 102.502H57.1255H57.2091V104.637L61.0955 102.167L63.8954 100.408L65.0655 99.6545L79.1904 90.6937L75.2622 85.4596ZM57.1673 84.0359V86.5902L58.212 85.8365L60.8448 83.9522L57.1673 84.0359Z\\" fill=\\"#8EB85B\\"></path><path d=\\"M70.4146 88.642C69.7877 87.8045 68.8266 87.7208 67.6564 88.0557L66.0684 85.669L65.9431 85.4596C66.4446 85.1665 66.946 84.999 67.4057 84.9572L67.0714 84.1197C66.6535 84.1616 66.0267 84.4128 65.4834 84.7478L64.9819 83.9522L64.2297 84.3291L64.8565 85.2503C64.6894 85.4178 64.564 85.5434 64.4386 85.7109C63.6864 86.7158 63.77 87.7626 64.3551 88.5582C65.0655 89.4794 66.0267 89.605 67.4475 89.1444H67.4893L69.0355 91.4056C68.534 91.7405 68.0326 91.8662 67.7818 91.908L68.0743 92.7455C68.4504 92.7036 68.9519 92.4942 69.537 92.1174L70.0385 92.8292L70.6653 92.4942L70.122 91.6568C70.9996 90.7356 71.125 89.5632 70.4146 88.642ZM65.1491 87.8464C64.7312 87.302 64.773 86.5902 65.358 86.004L66.9042 88.307C66.0684 88.4745 65.567 88.3488 65.1491 87.8464ZM69.5788 90.945L68.2833 88.9769C68.9101 88.8513 69.328 88.9769 69.7041 89.3957C69.9549 89.7725 70.0385 90.3587 69.5788 90.945Z\\" fill=\\"#8EB85B\\"></path><path d=\\"M57.0845 83.9522V84.0365H57.0001L57.0845 83.9522Z\\" fill=\\"#A5C957\\"></path><path d=\\"M57.0001 102.586L57.0837 102.544V102.586H57.0001Z\\" fill=\\"#A5C957\\"></path></svg></div>"`;
