// Jest Snapshot v1, https://goo.gl/fbAQLP

exports[`Navigation: desktop menu Markup Auth menu 1`] = `"<nav class=\\"css-1hwc4ij\\"><a href=\\"/\\"><span>Home</span></a><a href=\\"/reservi\\"><span>Reserves</span></a><a href=\\"/o-nas\\"><span>About us</span></a><a href=\\"/faq\\"><span>FAQ</span></a><span data-testid=\\"lang-toggler\\"><span>Language</span><svg style=\\"width: 20px; margin-bottom: -2px; padding-left: 5px;\\" class=\\"\\" x=\\"0px\\" y=\\"0px\\" viewBox=\\"0 0 400 400\\"><path style=\\"fill: #aee239;\\" d=\\"M184.9,344.1L8.2,167.4c-8.5-8.5-8.5-22.3,0-30.9l20.6-20.6c8.5-8.5,22.3-8.5,30.8,0l140.7,140.1l140.7-140.1 c8.5-8.5,22.3-8.5,30.8,0l20.6,20.6c8.5,8.5,8.5,22.3,0,30.9L215.8,344.1C207.3,352.6,193.5,352.6,184.9,344.1L184.9,344.1z\\"></path></svg></span><span class=\\"auth-menu-item\\"><svg style=\\"width: 33px;\\" class=\\"\\" viewBox=\\"0 0 33 38\\" fill=\\"none\\" xmlns=\\"http://www.w3.org/2000/svg\\"><path style=\\"fill: #8fbe00;\\" d=\\"M16.5 19C21.7078 19 25.9286 14.7473 25.9286 9.5C25.9286 4.25273 21.7078 0 16.5 0C11.2922 0 7.07143 4.25273 7.07143 9.5C7.07143 14.7473 11.2922 19 16.5 19ZM23.1 21.375H21.8699C20.2346 22.132 18.4152 22.5625 16.5 22.5625C14.5848 22.5625 12.7728 22.132 11.1301 21.375H9.9C4.43437 21.375 0 25.843 0 31.35V34.4375C0 36.4043 1.58371 38 3.53571 38H29.4643C31.4163 38 33 36.4043 33 34.4375V31.35C33 25.843 28.5656 21.375 23.1 21.375Z\\"></path></svg><span class=\\"css-j7t170\\"><a href=\\"/lichnii-kabinet\\"><span>Signin</span></a><a href=\\"/registracya\\"><span>Signup</span></a></span></span></nav>"`;

exports[`Navigation: desktop menu Markup Basic markup 1`] = `"<nav class=\\"css-1hwc4ij\\"><a href=\\"/\\"><span>Home</span></a><a href=\\"/reservi\\"><span>Reserves</span></a><a href=\\"/o-nas\\"><span>About us</span></a><a href=\\"/faq\\"><span>FAQ</span></a><span data-testid=\\"lang-toggler\\"><span>Language</span><svg style=\\"width: 20px; margin-bottom: -2px; padding-left: 5px;\\" class=\\"\\" x=\\"0px\\" y=\\"0px\\" viewBox=\\"0 0 400 400\\"><path style=\\"fill: #aee239;\\" d=\\"M184.9,344.1L8.2,167.4c-8.5-8.5-8.5-22.3,0-30.9l20.6-20.6c8.5-8.5,22.3-8.5,30.8,0l140.7,140.1l140.7-140.1 c8.5-8.5,22.3-8.5,30.8,0l20.6,20.6c8.5,8.5,8.5,22.3,0,30.9L215.8,344.1C207.3,352.6,193.5,352.6,184.9,344.1L184.9,344.1z\\"></path></svg></span><span class=\\"auth-menu-item\\"><svg style=\\"width: 33px;\\" class=\\"\\" viewBox=\\"0 0 33 38\\" fill=\\"none\\" xmlns=\\"http://www.w3.org/2000/svg\\"><path style=\\"fill: #8fbe00;\\" d=\\"M16.5 19C21.7078 19 25.9286 14.7473 25.9286 9.5C25.9286 4.25273 21.7078 0 16.5 0C11.2922 0 7.07143 4.25273 7.07143 9.5C7.07143 14.7473 11.2922 19 16.5 19ZM23.1 21.375H21.8699C20.2346 22.132 18.4152 22.5625 16.5 22.5625C14.5848 22.5625 12.7728 22.132 11.1301 21.375H9.9C4.43437 21.375 0 25.843 0 31.35V34.4375C0 36.4043 1.58371 38 3.53571 38H29.4643C31.4163 38 33 36.4043 33 34.4375V31.35C33 25.843 28.5656 21.375 23.1 21.375Z\\"></path></svg></span></nav>"`;

exports[`Navigation: desktop menu Markup Lang menu 1`] = `"<nav class=\\"css-1hwc4ij\\"><a href=\\"/\\"><span>Home</span></a><a href=\\"/reservi\\"><span>Reserves</span></a><a href=\\"/o-nas\\"><span>About us</span></a><a href=\\"/faq\\"><span>FAQ</span></a><span data-testid=\\"lang-toggler\\"><span>Language</span><svg style=\\"width: 20px; margin-bottom: -2px; padding-left: 5px;\\" class=\\"\\" x=\\"0px\\" y=\\"0px\\" viewBox=\\"0 0 400 400\\"><path style=\\"fill: #aee239;\\" d=\\"M184.9,344.1L8.2,167.4c-8.5-8.5-8.5-22.3,0-30.9l20.6-20.6c8.5-8.5,22.3-8.5,30.8,0l140.7,140.1l140.7-140.1 c8.5-8.5,22.3-8.5,30.8,0l20.6,20.6c8.5,8.5,8.5,22.3,0,30.9L215.8,344.1C207.3,352.6,193.5,352.6,184.9,344.1L184.9,344.1z\\"></path></svg><span class=\\"css-j7t170\\"><span data-testid=\\"ru-RU\\">Рус</span><span data-testid=\\"en-US\\">Eng</span><span data-testid=\\"fr-FR\\">Fr</span><span data-testid=\\"zh-ZH\\">Cn</span></span></span><span class=\\"auth-menu-item\\"><svg style=\\"width: 33px;\\" class=\\"\\" viewBox=\\"0 0 33 38\\" fill=\\"none\\" xmlns=\\"http://www.w3.org/2000/svg\\"><path style=\\"fill: #8fbe00;\\" d=\\"M16.5 19C21.7078 19 25.9286 14.7473 25.9286 9.5C25.9286 4.25273 21.7078 0 16.5 0C11.2922 0 7.07143 4.25273 7.07143 9.5C7.07143 14.7473 11.2922 19 16.5 19ZM23.1 21.375H21.8699C20.2346 22.132 18.4152 22.5625 16.5 22.5625C14.5848 22.5625 12.7728 22.132 11.1301 21.375H9.9C4.43437 21.375 0 25.843 0 31.35V34.4375C0 36.4043 1.58371 38 3.53571 38H29.4643C31.4163 38 33 36.4043 33 34.4375V31.35C33 25.843 28.5656 21.375 23.1 21.375Z\\"></path></svg></span></nav>"`;
