// Jest Snapshot v1, https://goo.gl/fbAQLP

exports[`Navigation: lang menu Markup Basic markup 1`] = `"<div x=\\"100%\\" class=\\"css-iuahf9\\"><div class=\\"close\\"><svg style=\\"width: 30px;\\" class=\\"\\" viewBox=\\"0 0 35 34\\" fill=\\"none\\" xmlns=\\"http://www.w3.org/2000/svg\\"><rect x=\\"0.882812\\" y=\\"29.3744\\" width=\\"41\\" height=\\"6\\" transform=\\"rotate(-45 0.882812 29.3744)\\" fill=\\"white\\"></rect><path d=\\"M5.12598 0.382996L34.1174 29.3744L29.8747 33.617L0.883336 4.62564L5.12598 0.382996Z\\" fill=\\"white\\"></path></svg></div><a href=\\"/\\"><span>Home</span></a><a href=\\"/reservi\\"><span>Reserves</span></a><a href=\\"/o-nas\\"><span>About us</span></a><a href=\\"/faq\\"><span>FAQ</span></a><span data-testid=\\"mobile-menu-lang\\">Язык</span><a href=\\"/lichnii-kabinet\\"><span>Signin</span></a><a href=\\"/registracya\\"><span>Signup</span></a></div>"`;

exports[`Navigation: lang menu Markup Should render lang menu 1`] = `"<div x=\\"100%\\" class=\\"css-iuahf9\\"><div class=\\"close\\"><svg style=\\"width: 30px;\\" class=\\"\\" viewBox=\\"0 0 35 34\\" fill=\\"none\\" xmlns=\\"http://www.w3.org/2000/svg\\"><rect x=\\"0.882812\\" y=\\"29.3744\\" width=\\"41\\" height=\\"6\\" transform=\\"rotate(-45 0.882812 29.3744)\\" fill=\\"white\\"></rect><path d=\\"M5.12598 0.382996L34.1174 29.3744L29.8747 33.617L0.883336 4.62564L5.12598 0.382996Z\\" fill=\\"white\\"></path></svg></div><a href=\\"/\\"><span>Home</span></a><a href=\\"/reservi\\"><span>Reserves</span></a><a href=\\"/o-nas\\"><span>About us</span></a><a href=\\"/faq\\"><span>FAQ</span></a><span data-testid=\\"mobile-menu-lang\\">Язык</span><p><span data-testid=\\"ru-RU\\">Рус</span><span data-testid=\\"en-US\\">Eng</span><span data-testid=\\"fr-FR\\">Fr</span><span data-testid=\\"zh-ZH\\">Cn</span></p><a href=\\"/lichnii-kabinet\\"><span>Signin</span></a><a href=\\"/registracya\\"><span>Signup</span></a></div>"`;

exports[`Navigation: lang menu Markup Should render mob menu 1`] = `"<div x=\\"0%\\" class=\\"css-1ew0030\\"><div class=\\"close\\"><svg style=\\"width: 30px;\\" class=\\"\\" viewBox=\\"0 0 35 34\\" fill=\\"none\\" xmlns=\\"http://www.w3.org/2000/svg\\"><rect x=\\"0.882812\\" y=\\"29.3744\\" width=\\"41\\" height=\\"6\\" transform=\\"rotate(-45 0.882812 29.3744)\\" fill=\\"white\\"></rect><path d=\\"M5.12598 0.382996L34.1174 29.3744L29.8747 33.617L0.883336 4.62564L5.12598 0.382996Z\\" fill=\\"white\\"></path></svg></div><a href=\\"/\\"><span>Home</span></a><a href=\\"/reservi\\"><span>Reserves</span></a><a href=\\"/o-nas\\"><span>About us</span></a><a href=\\"/faq\\"><span>FAQ</span></a><span data-testid=\\"mobile-menu-lang\\">Язык</span><a href=\\"/lichnii-kabinet\\"><span>Signin</span></a><a href=\\"/registracya\\"><span>Signup</span></a></div>"`;
