// Jest Snapshot v1, https://goo.gl/fbAQLP

exports[`About us Basic markup 1`] = `"<div class=\\"css-1xiihgh\\"><h2 class=\\"css-x184e\\"><span>About us</span></h2><p class=\\"css-n13e7f\\"><span>Our service helps to exchange Bitcoin safely and quickly.</span></p><p class=\\"css-n13e7f\\"><span>All currency conversion operations take no more than 15 minutes. Competent online support will be happy to advise you at all stages of working with our service. Favorable courses and quality service - the key to working with customers.</span></p></div>"`;
