// Jest Snapshot v1, https://goo.gl/fbAQLP

exports[`Admin details Markup Base markup 1`] = `"<div class=\\"css-stbtbn\\"><h3>Перевод № </h3><div class=\\"css-1n80iza\\"><div><div class=\\"css-1n80iza\\"><span>Кошелек с которого перевели:</span><strong></strong></div><div class=\\"css-1n80iza\\"><span>Сумма перевода:</span><strong>NaN </strong></div></div><div><div class=\\"css-1n80iza\\"><span>Получить на кошелек:</span><strong></strong></div><div class=\\"css-1n80iza\\"><span>Сумму получения:</span><strong>NaN </strong></div></div></div><div class=\\"css-x31cnd\\"><p><span>Login:</span><strong></strong></p><p><span>Email:</span><strong></strong></p><p><span>ФИО:</span><strong></strong></p><p><span>Статус:</span><strong></strong></p></div><div class=\\"css-luav6u\\"><span title=\\"Перевести в статус Ожидает перевода\\" color=\\"#FFE712\\" class=\\"css-9jaczz\\"></span><span title=\\"Перевести в статус Ожидает подтверждения\\" color=\\"#ff9800\\" class=\\"css-10hwe60\\"></span><span title=\\"Перевести в статус Переведено\\" color=\\"#8FBE00\\" class=\\"css-mlnvpn\\"></span><span title=\\"Перевести в статус Отменено\\" color=\\"#FC0000\\" class=\\"css-wv6hji\\"></span></div><ul class=\\"css-1fr0hla\\"></ul></div>"`;
