// Jest Snapshot v1, https://goo.gl/fbAQLP

exports[`Settings behaviour Markup Basic markup 1`] = `"<div class=\\"css-1xiihgh\\"><div class=\\"css-12hlfla\\"></div></div>"`;
